<html>
<body>
<pre>
<h1>礦ision Build Log</h1>
<h2>Tool Versions:</h2>
IDE-Version: μVision V5.36.0.0
Copyright (C) 2021 ARM Ltd and ARM Germany GmbH. All rights reserved.
License Information: deng yufeng, seu, LIC=SDA0P-M83RP-SBFEJ-UFSGB-2EWB1-7AHP0
 
Tool Versions:
Toolchain:       MDK-ARM Plus  Version: 5.36.0.0
Toolchain Path:  D:\MDK5.36\ARM\ARMCC\Bin
C Compiler:      Armcc.exe V5.06 update 7 (build 960)
Assembler:       Armasm.exe V5.06 update 7 (build 960)
Linker/Locator:  ArmLink.exe V5.06 update 7 (build 960)
Library Manager: ArmAr.exe V5.06 update 7 (build 960)
Hex Converter:   FromElf.exe V5.06 update 7 (build 960)
CPU DLL:         
Dialog DLL:      
Target DLL:      Segger\JL2CM3.dll V2.99.40.0
Dialog DLL:      TCM.DLL V1.53.0.0
 
<h2>Project:</h2>
E:\桌面\竞赛、研学、评奖评优\2024生医工国赛\1_nrf53840-四通道采集 - 副本\1_nrf53840-四通道采集 - 副本\examples\peripheral\uart\pca10056\blank\arm5_no_packs\uart_pca10056.uvprojx
Project File Date:  05/29/2024

<h2>Output:</h2>
*** Using Compiler 'V5.06 update 7 (build 960)', folder: 'D:\MDK5.36\ARM\ARMCC\Bin'
Rebuild target 'nrf52840_xxaa'
compiling app_util_platform.c...
compiling app_error.c...
compiling app_error_handler_keil.c...
compiling app_fifo.c...
compiling nrfx_spi.c...
compiling nrf_drv_spi.c...
compiling app_error_weak.c...
compiling nrf_drv_uart.c...
compiling nrfx_prs.c...
compiling nrfx_uarte.c...
compiling nrfx_uart.c...
compiling app_uart_fifo.c...
compiling boards.c...
compiling nrfx_spim.c...
assembling arm_startup_nrf52840.s...
compiling SEGGER_RTT_Syscalls_KEIL.c...
compiling main.c...
compiling nrf_assert.c...
compiling nrf_strerror.c...
compiling retarget.c...
compiling system_nrf52840.c...
compiling SEGGER_RTT.c...
compiling SEGGER_RTT_printf.c...
compiling ADS1299.c...
compiling spi.c...
linking...
Program Size: Code=4524 RO-data=604 RW-data=56 ZI-data=12744  
FromELF: creating hex file...
".\_build\nrf52840_xxaa.axf" - 0 Error(s), 0 Warning(s).

<h2>Software Packages used:</h2>

Package Vendor: ARM
                http://www.keil.com/pack/ARM.CMSIS.4.5.0.pack
                ARM.CMSIS.4.5.0
                CMSIS (Cortex Microcontroller Software Interface Standard)
   * Component: CORE Version: 4.3.0

Package Vendor: NordicSemiconductor
                http://developer.nordicsemi.com/nRF5_SDK/pieces/nRF_DeviceFamilyPack/NordicSemiconductor.nRF_DeviceFamilyPack.8.16.0.pack
                NordicSemiconductor.nRF_DeviceFamilyPack.8.16.0
                Nordic Semiconductor nRF ARM devices Device Family Pack.
   * Component: Startup Version: 8.16.0

<h2>Collection of Component include folders:</h2>
  .\RTE\_nrf52840_xxaa
  D:\MDK5.36\Packs\ARM\CMSIS\4.5.0\CMSIS\Include
  D:\MDK5.36\Packs\NordicSemiconductor\nRF_DeviceFamilyPack\8.16.0\Device\Include

<h2>Collection of Component Files used:</h2>

   * Component: ARM::CMSIS:CORE:4.3.0

   * Component: NordicSemiconductor::Device:Startup:8.16.0
      Source file:   Device\Source\system_nrf52840.c
      Include file:  Device\Include\system_nrf52840.h
      Source file:   Device\Source\arm\arm_startup_nrf52840.s
Build Time Elapsed:  00:00:06
</pre>
</body>
</html>
