Component: ARM Compiler 5.06 update 7 (build 960) Tool: armlink [4d3601]

==============================================================================

Section Cross References

    main.o(i.main) refers to spi.o(i.SPI_Init) for SPI_Init
    main.o(i.main) refers to ads1299.o(i.ADS1299_Init) for ADS1299_Init
    main.o(i.main) refers to ads1299.o(i.ADS1299_ReadDates) for ADS1299_ReadDates
    main.o(i.main) refers to segger_rtt.o(i.SEGGER_RTT_SetTerminal) for SEGGER_RTT_SetTerminal
    main.o(i.main) refers to segger_rtt_printf.o(i.SEGGER_RTT_printf) for SEGGER_RTT_printf
    main.o(i.main) refers to ads1299.o(.bss) for EMG_data
    main.o(i.main) refers to main.o(.data) for .data
    nrf_drv_uart.o(i.nrf_drv_uart_init) refers to memcpya.o(.text) for __aeabi_memcpy4
    nrf_drv_uart.o(i.nrf_drv_uart_init) refers to nrfx_uarte.o(i.nrfx_uarte_init) for nrfx_uarte_init
    nrf_drv_uart.o(i.nrf_drv_uart_init) refers to nrfx_uart.o(i.nrfx_uart_init) for nrfx_uart_init
    nrf_drv_uart.o(i.nrf_drv_uart_init) refers to nrf_drv_uart.o(.data) for .data
    nrf_drv_uart.o(i.nrf_drv_uart_init) refers to nrf_drv_uart.o(i.uarte_evt_handler) for uarte_evt_handler
    nrf_drv_uart.o(i.nrf_drv_uart_init) refers to nrf_drv_uart.o(i.uart_evt_handler) for uart_evt_handler
    nrf_drv_uart.o(i.uart_evt_handler) refers to nrf_drv_uart.o(.data) for .data
    nrf_drv_uart.o(i.uarte_evt_handler) refers to nrf_drv_uart.o(.data) for .data
    nrfx_prs.o(i.UARTE0_UART0_IRQHandler) refers to nrfx_prs.o(.data) for .data
    nrfx_prs.o(i.nrfx_prs_acquire) refers to nrfx_prs.o(i.prs_box_get) for prs_box_get
    nrfx_prs.o(i.nrfx_prs_acquire) refers to app_util_platform.o(i.app_util_critical_region_enter) for app_util_critical_region_enter
    nrfx_prs.o(i.nrfx_prs_acquire) refers to app_util_platform.o(i.app_util_critical_region_exit) for app_util_critical_region_exit
    nrfx_prs.o(i.nrfx_prs_release) refers to nrfx_prs.o(i.prs_box_get) for prs_box_get
    nrfx_prs.o(i.prs_box_get) refers to nrfx_prs.o(.data) for .data
    nrfx_uart.o(i.apply_config) refers to nrfx_uart.o(i.nrf_gpio_pin_set) for nrf_gpio_pin_set
    nrfx_uart.o(i.apply_config) refers to nrfx_uart.o(i.nrf_gpio_cfg_output) for nrf_gpio_cfg_output
    nrfx_uart.o(i.apply_config) refers to nrfx_uart.o(i.nrf_gpio_cfg_input) for nrf_gpio_cfg_input
    nrfx_uart.o(i.nrf_gpio_cfg) refers to nrfx_uart.o(i.nrf_gpio_pin_port_decode) for nrf_gpio_pin_port_decode
    nrfx_uart.o(i.nrf_gpio_cfg_default) refers to nrfx_uart.o(i.nrf_gpio_cfg) for nrf_gpio_cfg
    nrfx_uart.o(i.nrf_gpio_cfg_input) refers to nrfx_uart.o(i.nrf_gpio_cfg) for nrf_gpio_cfg
    nrfx_uart.o(i.nrf_gpio_cfg_output) refers to nrfx_uart.o(i.nrf_gpio_cfg) for nrf_gpio_cfg
    nrfx_uart.o(i.nrf_gpio_pin_set) refers to nrfx_uart.o(i.nrf_gpio_pin_port_decode) for nrf_gpio_pin_port_decode
    nrfx_uart.o(i.nrfx_uart_0_irq_handler) refers to nrfx_uart.o(i.uart_irq_handler) for uart_irq_handler
    nrfx_uart.o(i.nrfx_uart_0_irq_handler) refers to nrfx_uart.o(.bss) for .bss
    nrfx_uart.o(i.nrfx_uart_errorsrc_get) refers to nrfx_uart.o(i.nrf_uart_event_clear) for nrf_uart_event_clear
    nrfx_uart.o(i.nrfx_uart_init) refers to nrfx_prs.o(i.nrfx_prs_acquire) for nrfx_prs_acquire
    nrfx_uart.o(i.nrfx_uart_init) refers to nrfx_uart.o(i.apply_config) for apply_config
    nrfx_uart.o(i.nrfx_uart_init) refers to nrfx_uart.o(i.nrf_uart_event_clear) for nrf_uart_event_clear
    nrfx_uart.o(i.nrfx_uart_init) refers to nrfx_uart.o(.bss) for .bss
    nrfx_uart.o(i.nrfx_uart_init) refers to nrfx_uart.o(.constdata) for .constdata
    nrfx_uart.o(i.nrfx_uart_rx) refers to nrfx_uart.o(i.rx_enable) for rx_enable
    nrfx_uart.o(i.nrfx_uart_rx) refers to nrfx_uart.o(i.nrf_uart_event_clear) for nrf_uart_event_clear
    nrfx_uart.o(i.nrfx_uart_rx) refers to nrfx_uart.o(i.nrf_uart_event_check) for nrf_uart_event_check
    nrfx_uart.o(i.nrfx_uart_rx) refers to nrfx_uart.o(i.rx_byte) for rx_byte
    nrfx_uart.o(i.nrfx_uart_rx) refers to nrfx_uart.o(.bss) for .bss
    nrfx_uart.o(i.nrfx_uart_rx_disable) refers to nrfx_uart.o(.bss) for .bss
    nrfx_uart.o(i.nrfx_uart_rx_enable) refers to nrfx_uart.o(i.rx_enable) for rx_enable
    nrfx_uart.o(i.nrfx_uart_rx_enable) refers to nrfx_uart.o(.bss) for .bss
    nrfx_uart.o(i.nrfx_uart_tx) refers to nrfx_uart.o(i.nrfx_uart_tx_in_progress) for nrfx_uart_tx_in_progress
    nrfx_uart.o(i.nrfx_uart_tx) refers to nrfx_uart.o(i.nrf_uart_event_clear) for nrf_uart_event_clear
    nrfx_uart.o(i.nrfx_uart_tx) refers to nrfx_uart.o(i.tx_byte) for tx_byte
    nrfx_uart.o(i.nrfx_uart_tx) refers to nrfx_uart.o(i.nrf_uart_event_check) for nrf_uart_event_check
    nrfx_uart.o(i.nrfx_uart_tx) refers to nrfx_uart.o(.bss) for .bss
    nrfx_uart.o(i.nrfx_uart_tx_abort) refers to nrfx_uart.o(i.tx_done_event) for tx_done_event
    nrfx_uart.o(i.nrfx_uart_tx_abort) refers to nrfx_uart.o(.bss) for .bss
    nrfx_uart.o(i.nrfx_uart_tx_in_progress) refers to nrfx_uart.o(.bss) for .bss
    nrfx_uart.o(i.nrfx_uart_uninit) refers to nrfx_uart.o(i.nrf_gpio_cfg_default) for nrf_gpio_cfg_default
    nrfx_uart.o(i.nrfx_uart_uninit) refers to nrfx_prs.o(i.nrfx_prs_release) for nrfx_prs_release
    nrfx_uart.o(i.nrfx_uart_uninit) refers to nrfx_uart.o(.bss) for .bss
    nrfx_uart.o(i.rx_byte) refers to nrfx_uart.o(i.nrf_uart_event_clear) for nrf_uart_event_clear
    nrfx_uart.o(i.rx_enable) refers to nrfx_uart.o(i.nrf_uart_event_clear) for nrf_uart_event_clear
    nrfx_uart.o(i.tx_byte) refers to nrfx_uart.o(i.nrf_uart_event_clear) for nrf_uart_event_clear
    nrfx_uart.o(i.uart_irq_handler) refers to nrfx_uart.o(i.nrf_uart_int_enable_check) for nrf_uart_int_enable_check
    nrfx_uart.o(i.uart_irq_handler) refers to nrfx_uart.o(i.nrf_uart_event_check) for nrf_uart_event_check
    nrfx_uart.o(i.uart_irq_handler) refers to nrfx_uart.o(i.nrf_uart_event_clear) for nrf_uart_event_clear
    nrfx_uart.o(i.uart_irq_handler) refers to nrfx_uart.o(i.rx_byte) for rx_byte
    nrfx_uart.o(i.uart_irq_handler) refers to nrfx_uart.o(i.rx_done_event) for rx_done_event
    nrfx_uart.o(i.uart_irq_handler) refers to nrfx_uart.o(i.tx_done_event) for tx_done_event
    nrfx_uart.o(i.uart_irq_handler) refers to nrfx_uart.o(i.tx_byte) for tx_byte
    nrfx_uart.o(.constdata) refers to nrfx_uart.o(i.nrfx_uart_0_irq_handler) for nrfx_uart_0_irq_handler
    nrfx_uarte.o(i.apply_config) refers to nrfx_uarte.o(i.nrf_gpio_pin_set) for nrf_gpio_pin_set
    nrfx_uarte.o(i.apply_config) refers to nrfx_uarte.o(i.nrf_gpio_cfg_output) for nrf_gpio_cfg_output
    nrfx_uarte.o(i.apply_config) refers to nrfx_uarte.o(i.nrf_gpio_cfg_input) for nrf_gpio_cfg_input
    nrfx_uarte.o(i.interrupts_enable) refers to nrfx_uarte.o(i.nrf_uarte_event_clear) for nrf_uarte_event_clear
    nrfx_uarte.o(i.nrf_gpio_cfg) refers to nrfx_uarte.o(i.nrf_gpio_pin_port_decode) for nrf_gpio_pin_port_decode
    nrfx_uarte.o(i.nrf_gpio_cfg_default) refers to nrfx_uarte.o(i.nrf_gpio_cfg) for nrf_gpio_cfg
    nrfx_uarte.o(i.nrf_gpio_cfg_input) refers to nrfx_uarte.o(i.nrf_gpio_cfg) for nrf_gpio_cfg
    nrfx_uarte.o(i.nrf_gpio_cfg_output) refers to nrfx_uarte.o(i.nrf_gpio_cfg) for nrf_gpio_cfg
    nrfx_uarte.o(i.nrf_gpio_pin_set) refers to nrfx_uarte.o(i.nrf_gpio_pin_port_decode) for nrf_gpio_pin_port_decode
    nrfx_uarte.o(i.nrfx_uarte_0_irq_handler) refers to nrfx_uarte.o(i.uarte_irq_handler) for uarte_irq_handler
    nrfx_uarte.o(i.nrfx_uarte_0_irq_handler) refers to nrfx_uarte.o(.bss) for .bss
    nrfx_uarte.o(i.nrfx_uarte_errorsrc_get) refers to nrfx_uarte.o(i.nrf_uarte_event_clear) for nrf_uarte_event_clear
    nrfx_uarte.o(i.nrfx_uarte_init) refers to nrfx_prs.o(i.nrfx_prs_acquire) for nrfx_prs_acquire
    nrfx_uarte.o(i.nrfx_uarte_init) refers to nrfx_uarte.o(i.apply_config) for apply_config
    nrfx_uarte.o(i.nrfx_uarte_init) refers to nrfx_uarte.o(i.interrupts_enable) for interrupts_enable
    nrfx_uarte.o(i.nrfx_uarte_init) refers to nrfx_uarte.o(.bss) for .bss
    nrfx_uarte.o(i.nrfx_uarte_init) refers to nrfx_uarte.o(.constdata) for .constdata
    nrfx_uarte.o(i.nrfx_uarte_rx) refers to nrfx_uarte.o(i.nrfx_is_in_ram) for nrfx_is_in_ram
    nrfx_uarte.o(i.nrfx_uarte_rx) refers to nrfx_uarte.o(i.nrf_uarte_event_clear) for nrf_uarte_event_clear
    nrfx_uarte.o(i.nrfx_uarte_rx) refers to nrfx_uarte.o(i.nrf_uarte_event_check) for nrf_uarte_event_check
    nrfx_uarte.o(i.nrfx_uarte_rx) refers to nrfx_uarte.o(.bss) for .bss
    nrfx_uarte.o(i.nrfx_uarte_tx) refers to nrfx_uarte.o(i.nrfx_is_in_ram) for nrfx_is_in_ram
    nrfx_uarte.o(i.nrfx_uarte_tx) refers to nrfx_uarte.o(i.nrfx_uarte_tx_in_progress) for nrfx_uarte_tx_in_progress
    nrfx_uarte.o(i.nrfx_uarte_tx) refers to nrfx_uarte.o(i.nrf_uarte_event_clear) for nrf_uarte_event_clear
    nrfx_uarte.o(i.nrfx_uarte_tx) refers to nrfx_uarte.o(i.nrf_uarte_event_check) for nrf_uarte_event_check
    nrfx_uarte.o(i.nrfx_uarte_tx) refers to nrfx_uarte.o(.bss) for .bss
    nrfx_uarte.o(i.nrfx_uarte_tx_abort) refers to nrfx_uarte.o(i.nrf_uarte_event_clear) for nrf_uarte_event_clear
    nrfx_uarte.o(i.nrfx_uarte_tx_abort) refers to nrfx_uarte.o(i.nrf_uarte_event_check) for nrf_uarte_event_check
    nrfx_uarte.o(i.nrfx_uarte_tx_abort) refers to nrfx_uarte.o(.bss) for .bss
    nrfx_uarte.o(i.nrfx_uarte_tx_in_progress) refers to nrfx_uarte.o(.bss) for .bss
    nrfx_uarte.o(i.nrfx_uarte_uninit) refers to nrfx_uarte.o(i.nrf_gpio_cfg_default) for nrf_gpio_cfg_default
    nrfx_uarte.o(i.nrfx_uarte_uninit) refers to nrfx_prs.o(i.nrfx_prs_release) for nrfx_prs_release
    nrfx_uarte.o(i.nrfx_uarte_uninit) refers to nrfx_uarte.o(.bss) for .bss
    nrfx_uarte.o(i.uarte_irq_handler) refers to nrfx_uarte.o(i.nrf_uarte_event_check) for nrf_uarte_event_check
    nrfx_uarte.o(i.uarte_irq_handler) refers to nrfx_uarte.o(i.nrf_uarte_event_clear) for nrf_uarte_event_clear
    nrfx_uarte.o(i.uarte_irq_handler) refers to nrfx_uarte.o(i.rx_done_event) for rx_done_event
    nrfx_uarte.o(.constdata) refers to nrfx_uarte.o(i.nrfx_uarte_0_irq_handler) for nrfx_uarte_0_irq_handler
    nrfx_spim.o(i.SPIM0_SPIS0_TWIM0_TWIS0_SPI0_TWI0_IRQHandler) refers to nrfx_spim.o(i.nrf_spim_event_check) for nrf_spim_event_check
    nrfx_spim.o(i.SPIM0_SPIS0_TWIM0_TWIS0_SPI0_TWI0_IRQHandler) refers to nrfx_spim.o(i.nrf_gpio_pin_clear) for nrf_gpio_pin_clear
    nrfx_spim.o(i.SPIM0_SPIS0_TWIM0_TWIS0_SPI0_TWI0_IRQHandler) refers to nrfx_spim.o(i.nrf_gpio_pin_set) for nrf_gpio_pin_set
    nrfx_spim.o(i.SPIM0_SPIS0_TWIM0_TWIS0_SPI0_TWI0_IRQHandler) refers to nrfx_spim.o(.bss) for .bss
    nrfx_spim.o(i.nrf_gpio_cfg) refers to nrfx_spim.o(i.nrf_gpio_pin_port_decode) for nrf_gpio_pin_port_decode
    nrfx_spim.o(i.nrf_gpio_cfg_output) refers to nrfx_spim.o(i.nrf_gpio_cfg) for nrf_gpio_cfg
    nrfx_spim.o(i.nrf_gpio_pin_clear) refers to nrfx_spim.o(i.nrf_gpio_pin_port_decode) for nrf_gpio_pin_port_decode
    nrfx_spim.o(i.nrf_gpio_pin_set) refers to nrfx_spim.o(i.nrf_gpio_pin_port_decode) for nrf_gpio_pin_port_decode
    nrfx_spim.o(i.nrfx_spim_abort) refers to nrfx_spim.o(i.nrf_spim_event_check) for nrf_spim_event_check
    nrfx_spim.o(i.nrfx_spim_abort) refers to nrfx_spim.o(.bss) for .bss
    nrfx_spim.o(i.nrfx_spim_init) refers to nrfx_prs.o(i.nrfx_prs_acquire) for nrfx_prs_acquire
    nrfx_spim.o(i.nrfx_spim_init) refers to nrfx_spim.o(i.nrf_gpio_pin_clear) for nrf_gpio_pin_clear
    nrfx_spim.o(i.nrfx_spim_init) refers to nrfx_spim.o(i.nrf_gpio_pin_set) for nrf_gpio_pin_set
    nrfx_spim.o(i.nrfx_spim_init) refers to nrfx_spim.o(i.nrf_gpio_cfg) for nrf_gpio_cfg
    nrfx_spim.o(i.nrfx_spim_init) refers to nrfx_spim.o(i.nrf_gpio_cfg_output) for nrf_gpio_cfg_output
    nrfx_spim.o(i.nrfx_spim_init) refers to nrfx_spim.o(.bss) for .bss
    nrfx_spim.o(i.nrfx_spim_init) refers to nrfx_spim.o(.constdata) for .constdata
    nrfx_spim.o(i.nrfx_spim_uninit) refers to nrfx_spim.o(i.nrf_spim_event_check) for nrf_spim_event_check
    nrfx_spim.o(i.nrfx_spim_uninit) refers to nrfx_spim.o(i.nrf_gpio_cfg) for nrf_gpio_cfg
    nrfx_spim.o(i.nrfx_spim_uninit) refers to nrfx_prs.o(i.nrfx_prs_release) for nrfx_prs_release
    nrfx_spim.o(i.nrfx_spim_uninit) refers to nrfx_spim.o(.bss) for .bss
    nrfx_spim.o(i.nrfx_spim_xfer) refers to nrfx_spim.o(i.nrf_gpio_pin_set) for nrf_gpio_pin_set
    nrfx_spim.o(i.nrfx_spim_xfer) refers to nrfx_spim.o(i.nrf_gpio_pin_clear) for nrf_gpio_pin_clear
    nrfx_spim.o(i.nrfx_spim_xfer) refers to nrfx_spim.o(i.spim_xfer) for spim_xfer
    nrfx_spim.o(i.nrfx_spim_xfer) refers to nrfx_spim.o(.bss) for .bss
    nrfx_spim.o(i.spim_xfer) refers to nrfx_spim.o(i.nrfx_is_in_ram) for nrfx_is_in_ram
    nrfx_spim.o(i.spim_xfer) refers to nrfx_spim.o(i.nrf_spim_event_check) for nrf_spim_event_check
    nrfx_spim.o(i.spim_xfer) refers to nrfx_spim.o(i.nrf_gpio_pin_clear) for nrf_gpio_pin_clear
    nrfx_spim.o(i.spim_xfer) refers to nrfx_spim.o(i.nrf_gpio_pin_set) for nrf_gpio_pin_set
    nrfx_spim.o(.constdata) refers to nrfx_spim.o(i.SPIM0_SPIS0_TWIM0_TWIS0_SPI0_TWI0_IRQHandler) for SPIM0_SPIS0_TWIM0_TWIS0_SPI0_TWI0_IRQHandler
    nrf_drv_spi.o(i.nrf_drv_spi_init) refers to nrfx_spim.o(i.nrfx_spim_init) for nrfx_spim_init
    nrf_drv_spi.o(i.nrf_drv_spi_init) refers to nrf_drv_spi.o(.bss) for .bss
    nrf_drv_spi.o(i.nrf_drv_spi_init) refers to nrf_drv_spi.o(.constdata) for .constdata
    nrf_drv_spi.o(i.nrf_drv_spi_init) refers to nrf_drv_spi.o(i.spim_evt_handler) for spim_evt_handler
    nrf_drv_spi.o(i.spim_evt_handler) refers to nrf_drv_spi.o(.bss) for .bss
    app_error.o(i.app_error_handler_bare) refers to app_error_weak.o(i.app_error_fault_handler) for app_error_fault_handler
    app_error.o(i.app_error_save_and_stop) refers to app_error.o(.bss) for .bss
    app_error_handler_keil.o(.emb_text) refers to app_error_weak.o(i.app_error_fault_handler) for app_error_fault_handler
    app_fifo.o(i.app_fifo_get) refers to app_fifo.o(i.fifo_get) for fifo_get
    app_fifo.o(i.app_fifo_put) refers to app_fifo.o(i.fifo_put) for fifo_put
    app_fifo.o(i.app_fifo_read) refers to app_fifo.o(i.fifo_get) for fifo_get
    app_fifo.o(i.app_fifo_write) refers to app_fifo.o(i.fifo_put) for fifo_put
    app_uart_fifo.o(i.app_uart_close) refers to nrfx_uarte.o(i.nrfx_uarte_uninit) for nrfx_uarte_uninit
    app_uart_fifo.o(i.app_uart_close) refers to nrfx_uart.o(i.nrfx_uart_uninit) for nrfx_uart_uninit
    app_uart_fifo.o(i.app_uart_close) refers to app_uart_fifo.o(.data) for .data
    app_uart_fifo.o(i.app_uart_close) refers to nrf_drv_uart.o(.data) for nrf_drv_uart_use_easy_dma
    app_uart_fifo.o(i.app_uart_flush) refers to app_fifo.o(i.app_fifo_flush) for app_fifo_flush
    app_uart_fifo.o(i.app_uart_flush) refers to app_uart_fifo.o(.bss) for .bss
    app_uart_fifo.o(i.app_uart_get) refers to app_fifo.o(i.app_fifo_get) for app_fifo_get
    app_uart_fifo.o(i.app_uart_get) refers to app_uart_fifo.o(i.nrf_drv_uart_rx) for nrf_drv_uart_rx
    app_uart_fifo.o(i.app_uart_get) refers to app_error.o(i.app_error_handler_bare) for app_error_handler_bare
    app_uart_fifo.o(i.app_uart_get) refers to app_uart_fifo.o(.data) for .data
    app_uart_fifo.o(i.app_uart_get) refers to app_uart_fifo.o(.bss) for .bss
    app_uart_fifo.o(i.app_uart_init) refers to app_fifo.o(i.app_fifo_init) for app_fifo_init
    app_uart_fifo.o(i.app_uart_init) refers to memcpya.o(.text) for __aeabi_memcpy4
    app_uart_fifo.o(i.app_uart_init) refers to nrf_drv_uart.o(i.nrf_drv_uart_init) for nrf_drv_uart_init
    app_uart_fifo.o(i.app_uart_init) refers to app_uart_fifo.o(i.nrf_drv_uart_rx) for nrf_drv_uart_rx
    app_uart_fifo.o(i.app_uart_init) refers to app_uart_fifo.o(.data) for .data
    app_uart_fifo.o(i.app_uart_init) refers to app_uart_fifo.o(.bss) for .bss
    app_uart_fifo.o(i.app_uart_init) refers to app_uart_fifo.o(.constdata) for .constdata
    app_uart_fifo.o(i.app_uart_init) refers to app_uart_fifo.o(i.uart_event_handler) for uart_event_handler
    app_uart_fifo.o(i.app_uart_put) refers to app_fifo.o(i.app_fifo_put) for app_fifo_put
    app_uart_fifo.o(i.app_uart_put) refers to nrfx_uarte.o(i.nrfx_uarte_tx_in_progress) for nrfx_uarte_tx_in_progress
    app_uart_fifo.o(i.app_uart_put) refers to nrfx_uart.o(i.nrfx_uart_tx_in_progress) for nrfx_uart_tx_in_progress
    app_uart_fifo.o(i.app_uart_put) refers to app_fifo.o(i.app_fifo_get) for app_fifo_get
    app_uart_fifo.o(i.app_uart_put) refers to app_uart_fifo.o(i.nrf_drv_uart_tx) for nrf_drv_uart_tx
    app_uart_fifo.o(i.app_uart_put) refers to app_uart_fifo.o(.bss) for .bss
    app_uart_fifo.o(i.app_uart_put) refers to app_uart_fifo.o(.data) for .data
    app_uart_fifo.o(i.app_uart_put) refers to nrf_drv_uart.o(.data) for nrf_drv_uart_use_easy_dma
    app_uart_fifo.o(i.nrf_drv_uart_rx) refers to nrfx_uarte.o(i.nrfx_uarte_rx) for nrfx_uarte_rx
    app_uart_fifo.o(i.nrf_drv_uart_rx) refers to nrfx_uart.o(i.nrfx_uart_rx) for nrfx_uart_rx
    app_uart_fifo.o(i.nrf_drv_uart_rx) refers to nrf_drv_uart.o(.data) for nrf_drv_uart_use_easy_dma
    app_uart_fifo.o(i.nrf_drv_uart_tx) refers to nrfx_uarte.o(i.nrfx_uarte_tx) for nrfx_uarte_tx
    app_uart_fifo.o(i.nrf_drv_uart_tx) refers to nrfx_uart.o(i.nrfx_uart_tx) for nrfx_uart_tx
    app_uart_fifo.o(i.nrf_drv_uart_tx) refers to nrf_drv_uart.o(.data) for nrf_drv_uart_use_easy_dma
    app_uart_fifo.o(i.uart_event_handler) refers to app_uart_fifo.o(i.nrf_drv_uart_rx) for nrf_drv_uart_rx
    app_uart_fifo.o(i.uart_event_handler) refers to app_fifo.o(i.app_fifo_put) for app_fifo_put
    app_uart_fifo.o(i.uart_event_handler) refers to app_fifo.o(i.app_fifo_get) for app_fifo_get
    app_uart_fifo.o(i.uart_event_handler) refers to app_uart_fifo.o(i.nrf_drv_uart_tx) for nrf_drv_uart_tx
    app_uart_fifo.o(i.uart_event_handler) refers to app_uart_fifo.o(.data) for .data
    app_uart_fifo.o(i.uart_event_handler) refers to app_uart_fifo.o(.bss) for .bss
    app_util_platform.o(i.app_util_critical_region_enter) refers to app_util_platform.o(i.app_util_disable_irq) for app_util_disable_irq
    app_util_platform.o(i.app_util_critical_region_exit) refers to app_util_platform.o(i.app_util_enable_irq) for app_util_enable_irq
    app_util_platform.o(i.app_util_disable_irq) refers to app_util_platform.o(.data) for .data
    app_util_platform.o(i.app_util_enable_irq) refers to app_util_platform.o(.data) for .data
    nrf_assert.o(i.assert_nrf_callback) refers to app_error_weak.o(i.app_error_fault_handler) for app_error_fault_handler
    nrf_strerror.o(i.nrf_strerror_find) refers to nrf_strerror.o(.constdata) for .constdata
    nrf_strerror.o(i.nrf_strerror_get) refers to nrf_strerror.o(i.nrf_strerror_find) for nrf_strerror_find
    nrf_strerror.o(i.nrf_strerror_get) refers to nrf_strerror.o(.constdata) for .constdata
    nrf_strerror.o(.constdata) refers to nrf_strerror.o(.conststring) for .conststring
    retarget.o(i.fgetc) refers to app_uart_fifo.o(i.app_uart_get) for app_uart_get
    retarget.o(i.fputc) refers to app_uart_fifo.o(i.app_uart_put) for app_uart_put
    ads1299.o(i.ADS1299_Init) refers to ads1299.o(i.nrf_gpio_pin_set) for nrf_gpio_pin_set
    ads1299.o(i.ADS1299_Init) refers to ads1299.o(i.nrf_delay_ms) for nrf_delay_ms
    ads1299.o(i.ADS1299_Init) refers to ads1299.o(i.nrf_gpio_pin_clear) for nrf_gpio_pin_clear
    ads1299.o(i.ADS1299_Init) refers to spi.o(i.SPI_Receive_Send) for SPI_Receive_Send
    ads1299.o(i.ADS1299_Init) refers to ads1299.o(i.ADS1299_Read_REG) for ADS1299_Read_REG
    ads1299.o(i.ADS1299_Init) refers to ads1299.o(i.ADS1299_Write_REG) for ADS1299_Write_REG
    ads1299.o(i.ADS1299_Init) refers to ads1299.o(.data) for .data
    ads1299.o(i.ADS1299_ReadDates) refers to ads1299.o(i.nrf_gpio_pin_port_decode) for nrf_gpio_pin_port_decode
    ads1299.o(i.ADS1299_ReadDates) refers to spi.o(i.SPI_Receive_Send) for SPI_Receive_Send
    ads1299.o(i.ADS1299_ReadDates) refers to ads1299.o(.bss) for .bss
    ads1299.o(i.ADS1299_ReadDates) refers to ads1299.o(.data) for .data
    ads1299.o(i.ADS1299_ReadDates) refers to main.o(.data) for EMG_Flag
    ads1299.o(i.ADS1299_Read_REG) refers to spi.o(i.SPI_Receive_Send) for SPI_Receive_Send
    ads1299.o(i.ADS1299_Write_REG) refers to spi.o(i.SPI_Receive_Send) for SPI_Receive_Send
    ads1299.o(i.nrf_delay_ms) refers to ads1299.o(.constdata) for .constdata
    ads1299.o(i.nrf_gpio_pin_clear) refers to ads1299.o(i.nrf_gpio_pin_port_decode) for nrf_gpio_pin_port_decode
    ads1299.o(i.nrf_gpio_pin_set) refers to ads1299.o(i.nrf_gpio_pin_port_decode) for nrf_gpio_pin_port_decode
    spi.o(i.SPI_Init) refers to spi.o(i.nrf_gpio_cfg_output) for nrf_gpio_cfg_output
    spi.o(i.SPI_Init) refers to spi.o(i.nrf_gpio_cfg) for nrf_gpio_cfg
    spi.o(i.SPI_Init) refers to spi.o(i.nrf_gpio_pin_set) for nrf_gpio_pin_set
    spi.o(i.SPI_Init) refers to nrf_drv_spi.o(i.nrf_drv_spi_init) for nrf_drv_spi_init
    spi.o(i.SPI_Init) refers to spi.o(.constdata) for .constdata
    spi.o(i.SPI_Receive_Send) refers to nrfx_spim.o(i.nrfx_spim_xfer) for nrfx_spim_xfer
    spi.o(i.SPI_Receive_Send) refers to spi.o(.constdata) for .constdata
    spi.o(i.nrf_gpio_cfg) refers to spi.o(i.nrf_gpio_pin_port_decode) for nrf_gpio_pin_port_decode
    spi.o(i.nrf_gpio_cfg_output) refers to spi.o(i.nrf_gpio_cfg) for nrf_gpio_cfg
    spi.o(i.nrf_gpio_pin_set) refers to spi.o(i.nrf_gpio_pin_port_decode) for nrf_gpio_pin_port_decode
    spi.o(i.spi_event_handler0) refers to spi.o(.data) for .data
    segger_rtt.o(i.SEGGER_RTT_AllocDownBuffer) refers to segger_rtt.o(i._DoInit) for _DoInit
    segger_rtt.o(i.SEGGER_RTT_AllocDownBuffer) refers to app_util_platform.o(i.app_util_critical_region_enter) for app_util_critical_region_enter
    segger_rtt.o(i.SEGGER_RTT_AllocDownBuffer) refers to app_util_platform.o(i.app_util_critical_region_exit) for app_util_critical_region_exit
    segger_rtt.o(i.SEGGER_RTT_AllocDownBuffer) refers to segger_rtt.o(.bss) for .bss
    segger_rtt.o(i.SEGGER_RTT_AllocUpBuffer) refers to segger_rtt.o(i._DoInit) for _DoInit
    segger_rtt.o(i.SEGGER_RTT_AllocUpBuffer) refers to app_util_platform.o(i.app_util_critical_region_enter) for app_util_critical_region_enter
    segger_rtt.o(i.SEGGER_RTT_AllocUpBuffer) refers to app_util_platform.o(i.app_util_critical_region_exit) for app_util_critical_region_exit
    segger_rtt.o(i.SEGGER_RTT_AllocUpBuffer) refers to segger_rtt.o(.bss) for .bss
    segger_rtt.o(i.SEGGER_RTT_ConfigDownBuffer) refers to segger_rtt.o(i._DoInit) for _DoInit
    segger_rtt.o(i.SEGGER_RTT_ConfigDownBuffer) refers to app_util_platform.o(i.app_util_critical_region_enter) for app_util_critical_region_enter
    segger_rtt.o(i.SEGGER_RTT_ConfigDownBuffer) refers to app_util_platform.o(i.app_util_critical_region_exit) for app_util_critical_region_exit
    segger_rtt.o(i.SEGGER_RTT_ConfigDownBuffer) refers to segger_rtt.o(.bss) for .bss
    segger_rtt.o(i.SEGGER_RTT_ConfigUpBuffer) refers to segger_rtt.o(i._DoInit) for _DoInit
    segger_rtt.o(i.SEGGER_RTT_ConfigUpBuffer) refers to app_util_platform.o(i.app_util_critical_region_enter) for app_util_critical_region_enter
    segger_rtt.o(i.SEGGER_RTT_ConfigUpBuffer) refers to app_util_platform.o(i.app_util_critical_region_exit) for app_util_critical_region_exit
    segger_rtt.o(i.SEGGER_RTT_ConfigUpBuffer) refers to segger_rtt.o(.bss) for .bss
    segger_rtt.o(i.SEGGER_RTT_GetKey) refers to segger_rtt.o(i.SEGGER_RTT_Read) for SEGGER_RTT_Read
    segger_rtt.o(i.SEGGER_RTT_HasData) refers to segger_rtt.o(.bss) for .bss
    segger_rtt.o(i.SEGGER_RTT_HasKey) refers to segger_rtt.o(i._DoInit) for _DoInit
    segger_rtt.o(i.SEGGER_RTT_HasKey) refers to segger_rtt.o(.bss) for .bss
    segger_rtt.o(i.SEGGER_RTT_Init) refers to segger_rtt.o(i._DoInit) for _DoInit
    segger_rtt.o(i.SEGGER_RTT_PutChar) refers to segger_rtt.o(i._DoInit) for _DoInit
    segger_rtt.o(i.SEGGER_RTT_PutChar) refers to app_util_platform.o(i.app_util_critical_region_enter) for app_util_critical_region_enter
    segger_rtt.o(i.SEGGER_RTT_PutChar) refers to app_util_platform.o(i.app_util_critical_region_exit) for app_util_critical_region_exit
    segger_rtt.o(i.SEGGER_RTT_PutChar) refers to segger_rtt.o(.bss) for .bss
    segger_rtt.o(i.SEGGER_RTT_PutCharSkip) refers to segger_rtt.o(i._DoInit) for _DoInit
    segger_rtt.o(i.SEGGER_RTT_PutCharSkip) refers to app_util_platform.o(i.app_util_critical_region_enter) for app_util_critical_region_enter
    segger_rtt.o(i.SEGGER_RTT_PutCharSkip) refers to app_util_platform.o(i.app_util_critical_region_exit) for app_util_critical_region_exit
    segger_rtt.o(i.SEGGER_RTT_PutCharSkip) refers to segger_rtt.o(.bss) for .bss
    segger_rtt.o(i.SEGGER_RTT_PutCharSkipNoLock) refers to segger_rtt.o(.bss) for .bss
    segger_rtt.o(i.SEGGER_RTT_Read) refers to app_util_platform.o(i.app_util_critical_region_enter) for app_util_critical_region_enter
    segger_rtt.o(i.SEGGER_RTT_Read) refers to segger_rtt.o(i.SEGGER_RTT_ReadNoLock) for SEGGER_RTT_ReadNoLock
    segger_rtt.o(i.SEGGER_RTT_Read) refers to app_util_platform.o(i.app_util_critical_region_exit) for app_util_critical_region_exit
    segger_rtt.o(i.SEGGER_RTT_ReadNoLock) refers to segger_rtt.o(i._DoInit) for _DoInit
    segger_rtt.o(i.SEGGER_RTT_ReadNoLock) refers to memcpya.o(.text) for __aeabi_memcpy
    segger_rtt.o(i.SEGGER_RTT_ReadNoLock) refers to segger_rtt.o(.bss) for .bss
    segger_rtt.o(i.SEGGER_RTT_SetFlagsDownBuffer) refers to segger_rtt.o(i._DoInit) for _DoInit
    segger_rtt.o(i.SEGGER_RTT_SetFlagsDownBuffer) refers to app_util_platform.o(i.app_util_critical_region_enter) for app_util_critical_region_enter
    segger_rtt.o(i.SEGGER_RTT_SetFlagsDownBuffer) refers to app_util_platform.o(i.app_util_critical_region_exit) for app_util_critical_region_exit
    segger_rtt.o(i.SEGGER_RTT_SetFlagsDownBuffer) refers to segger_rtt.o(.bss) for .bss
    segger_rtt.o(i.SEGGER_RTT_SetFlagsUpBuffer) refers to segger_rtt.o(i._DoInit) for _DoInit
    segger_rtt.o(i.SEGGER_RTT_SetFlagsUpBuffer) refers to app_util_platform.o(i.app_util_critical_region_enter) for app_util_critical_region_enter
    segger_rtt.o(i.SEGGER_RTT_SetFlagsUpBuffer) refers to app_util_platform.o(i.app_util_critical_region_exit) for app_util_critical_region_exit
    segger_rtt.o(i.SEGGER_RTT_SetFlagsUpBuffer) refers to segger_rtt.o(.bss) for .bss
    segger_rtt.o(i.SEGGER_RTT_SetNameDownBuffer) refers to segger_rtt.o(i._DoInit) for _DoInit
    segger_rtt.o(i.SEGGER_RTT_SetNameDownBuffer) refers to app_util_platform.o(i.app_util_critical_region_enter) for app_util_critical_region_enter
    segger_rtt.o(i.SEGGER_RTT_SetNameDownBuffer) refers to app_util_platform.o(i.app_util_critical_region_exit) for app_util_critical_region_exit
    segger_rtt.o(i.SEGGER_RTT_SetNameDownBuffer) refers to segger_rtt.o(.bss) for .bss
    segger_rtt.o(i.SEGGER_RTT_SetNameUpBuffer) refers to segger_rtt.o(i._DoInit) for _DoInit
    segger_rtt.o(i.SEGGER_RTT_SetNameUpBuffer) refers to app_util_platform.o(i.app_util_critical_region_enter) for app_util_critical_region_enter
    segger_rtt.o(i.SEGGER_RTT_SetNameUpBuffer) refers to app_util_platform.o(i.app_util_critical_region_exit) for app_util_critical_region_exit
    segger_rtt.o(i.SEGGER_RTT_SetNameUpBuffer) refers to segger_rtt.o(.bss) for .bss
    segger_rtt.o(i.SEGGER_RTT_SetTerminal) refers to segger_rtt.o(i._DoInit) for _DoInit
    segger_rtt.o(i.SEGGER_RTT_SetTerminal) refers to app_util_platform.o(i.app_util_critical_region_enter) for app_util_critical_region_enter
    segger_rtt.o(i.SEGGER_RTT_SetTerminal) refers to segger_rtt.o(i._GetAvailWriteSpace) for _GetAvailWriteSpace
    segger_rtt.o(i.SEGGER_RTT_SetTerminal) refers to segger_rtt.o(i._WriteNoCheck) for _WriteNoCheck
    segger_rtt.o(i.SEGGER_RTT_SetTerminal) refers to segger_rtt.o(i._WriteBlocking) for _WriteBlocking
    segger_rtt.o(i.SEGGER_RTT_SetTerminal) refers to app_util_platform.o(i.app_util_critical_region_exit) for app_util_critical_region_exit
    segger_rtt.o(i.SEGGER_RTT_SetTerminal) refers to segger_rtt.o(.bss) for .bss
    segger_rtt.o(i.SEGGER_RTT_SetTerminal) refers to segger_rtt.o(.data) for .data
    segger_rtt.o(i.SEGGER_RTT_TerminalOut) refers to segger_rtt.o(i._DoInit) for _DoInit
    segger_rtt.o(i.SEGGER_RTT_TerminalOut) refers to strlen.o(.text) for strlen
    segger_rtt.o(i.SEGGER_RTT_TerminalOut) refers to app_util_platform.o(i.app_util_critical_region_enter) for app_util_critical_region_enter
    segger_rtt.o(i.SEGGER_RTT_TerminalOut) refers to segger_rtt.o(i._GetAvailWriteSpace) for _GetAvailWriteSpace
    segger_rtt.o(i.SEGGER_RTT_TerminalOut) refers to segger_rtt.o(i._PostTerminalSwitch) for _PostTerminalSwitch
    segger_rtt.o(i.SEGGER_RTT_TerminalOut) refers to segger_rtt.o(i._WriteBlocking) for _WriteBlocking
    segger_rtt.o(i.SEGGER_RTT_TerminalOut) refers to app_util_platform.o(i.app_util_critical_region_exit) for app_util_critical_region_exit
    segger_rtt.o(i.SEGGER_RTT_TerminalOut) refers to segger_rtt.o(.bss) for .bss
    segger_rtt.o(i.SEGGER_RTT_TerminalOut) refers to segger_rtt.o(.data) for .data
    segger_rtt.o(i.SEGGER_RTT_WaitKey) refers to segger_rtt.o(i.SEGGER_RTT_GetKey) for SEGGER_RTT_GetKey
    segger_rtt.o(i.SEGGER_RTT_Write) refers to segger_rtt.o(i._DoInit) for _DoInit
    segger_rtt.o(i.SEGGER_RTT_Write) refers to app_util_platform.o(i.app_util_critical_region_enter) for app_util_critical_region_enter
    segger_rtt.o(i.SEGGER_RTT_Write) refers to segger_rtt.o(i.SEGGER_RTT_WriteNoLock) for SEGGER_RTT_WriteNoLock
    segger_rtt.o(i.SEGGER_RTT_Write) refers to app_util_platform.o(i.app_util_critical_region_exit) for app_util_critical_region_exit
    segger_rtt.o(i.SEGGER_RTT_Write) refers to segger_rtt.o(.bss) for .bss
    segger_rtt.o(i.SEGGER_RTT_WriteNoLock) refers to segger_rtt.o(i._GetAvailWriteSpace) for _GetAvailWriteSpace
    segger_rtt.o(i.SEGGER_RTT_WriteNoLock) refers to segger_rtt.o(i._WriteNoCheck) for _WriteNoCheck
    segger_rtt.o(i.SEGGER_RTT_WriteNoLock) refers to segger_rtt.o(i._WriteBlocking) for _WriteBlocking
    segger_rtt.o(i.SEGGER_RTT_WriteNoLock) refers to segger_rtt.o(.bss) for .bss
    segger_rtt.o(i.SEGGER_RTT_WriteSkipNoLock) refers to memcpya.o(.text) for __aeabi_memcpy
    segger_rtt.o(i.SEGGER_RTT_WriteSkipNoLock) refers to segger_rtt.o(.bss) for .bss
    segger_rtt.o(i.SEGGER_RTT_WriteString) refers to strlen.o(.text) for strlen
    segger_rtt.o(i.SEGGER_RTT_WriteString) refers to segger_rtt.o(i.SEGGER_RTT_Write) for SEGGER_RTT_Write
    segger_rtt.o(i.SEGGER_RTT_WriteWithOverwriteNoLock) refers to memcpya.o(.text) for __aeabi_memcpy
    segger_rtt.o(i.SEGGER_RTT_WriteWithOverwriteNoLock) refers to segger_rtt.o(.bss) for .bss
    segger_rtt.o(i._DoInit) refers to strcpy.o(.text) for strcpy
    segger_rtt.o(i._DoInit) refers to segger_rtt.o(.bss) for .bss
    segger_rtt.o(i._PostTerminalSwitch) refers to segger_rtt.o(i._WriteBlocking) for _WriteBlocking
    segger_rtt.o(i._PostTerminalSwitch) refers to segger_rtt.o(.data) for .data
    segger_rtt.o(i._WriteBlocking) refers to memcpya.o(.text) for __aeabi_memcpy
    segger_rtt.o(i._WriteNoCheck) refers to memcpya.o(.text) for __aeabi_memcpy
    segger_rtt_printf.o(i.SEGGER_RTT_printf) refers to segger_rtt_printf.o(i.SEGGER_RTT_vprintf) for SEGGER_RTT_vprintf
    segger_rtt_printf.o(i.SEGGER_RTT_vprintf) refers to segger_rtt_printf.o(i._StoreChar) for _StoreChar
    segger_rtt_printf.o(i.SEGGER_RTT_vprintf) refers to segger_rtt_printf.o(i._PrintInt) for _PrintInt
    segger_rtt_printf.o(i.SEGGER_RTT_vprintf) refers to segger_rtt_printf.o(i._PrintUnsigned) for _PrintUnsigned
    segger_rtt_printf.o(i.SEGGER_RTT_vprintf) refers to segger_rtt.o(i.SEGGER_RTT_Write) for SEGGER_RTT_Write
    segger_rtt_printf.o(i._PrintInt) refers to segger_rtt_printf.o(i._StoreChar) for _StoreChar
    segger_rtt_printf.o(i._PrintInt) refers to segger_rtt_printf.o(i._PrintUnsigned) for _PrintUnsigned
    segger_rtt_printf.o(i._PrintUnsigned) refers to segger_rtt_printf.o(i._StoreChar) for _StoreChar
    segger_rtt_printf.o(i._PrintUnsigned) refers to segger_rtt_printf.o(.constdata) for .constdata
    segger_rtt_printf.o(i._StoreChar) refers to segger_rtt.o(i.SEGGER_RTT_Write) for SEGGER_RTT_Write
    arm_startup_nrf52840.o(RESET) refers to arm_startup_nrf52840.o(STACK) for __initial_sp
    arm_startup_nrf52840.o(RESET) refers to arm_startup_nrf52840.o(.text) for Reset_Handler
    arm_startup_nrf52840.o(RESET) refers to nrfx_prs.o(i.UARTE0_UART0_IRQHandler) for UARTE0_UART0_IRQHandler
    arm_startup_nrf52840.o(RESET) refers to nrfx_spim.o(i.SPIM0_SPIS0_TWIM0_TWIS0_SPI0_TWI0_IRQHandler) for SPIM0_SPIS0_TWIM0_TWIS0_SPI0_TWI0_IRQHandler
    arm_startup_nrf52840.o(.text) refers to system_nrf52840.o(i.SystemInit) for SystemInit
    arm_startup_nrf52840.o(.text) refers to entry.o(.ARM.Collect$$$$00000000) for __main
    system_nrf52840.o(i.SystemCoreClockUpdate) refers to system_nrf52840.o(.data) for .data
    system_nrf52840.o(i.SystemInit) refers to system_nrf52840.o(.data) for .data
    entry.o(.ARM.Collect$$$$00000000) refers (Special) to entry10a.o(.ARM.Collect$$$$0000000F) for __rt_final_cpp
    entry.o(.ARM.Collect$$$$00000000) refers (Special) to entry11a.o(.ARM.Collect$$$$00000011) for __rt_final_exit
    entry.o(.ARM.Collect$$$$00000000) refers (Special) to entry12b.o(.ARM.Collect$$$$0000000E) for __rt_lib_shutdown_fini
    entry.o(.ARM.Collect$$$$00000000) refers (Special) to entry7b.o(.ARM.Collect$$$$00000008) for _main_clock
    entry.o(.ARM.Collect$$$$00000000) refers (Special) to entry8b.o(.ARM.Collect$$$$0000000A) for _main_cpp_init
    entry.o(.ARM.Collect$$$$00000000) refers (Special) to entry9a.o(.ARM.Collect$$$$0000000B) for _main_init
    entry.o(.ARM.Collect$$$$00000000) refers (Special) to entry5.o(.ARM.Collect$$$$00000004) for _main_scatterload
    entry.o(.ARM.Collect$$$$00000000) refers (Special) to entry2.o(.ARM.Collect$$$$00000001) for _main_stk
    entry2.o(.ARM.Collect$$$$00000001) refers to entry2.o(.ARM.Collect$$$$00002712) for __lit__00000000
    entry2.o(.ARM.Collect$$$$00002712) refers to arm_startup_nrf52840.o(STACK) for __initial_sp
    entry2.o(__vectab_stack_and_reset_area) refers to arm_startup_nrf52840.o(STACK) for __initial_sp
    entry2.o(__vectab_stack_and_reset_area) refers to entry.o(.ARM.Collect$$$$00000000) for __main
    entry5.o(.ARM.Collect$$$$00000004) refers to init.o(.text) for __scatterload
    entry9a.o(.ARM.Collect$$$$0000000B) refers to main.o(i.main) for main
    entry9b.o(.ARM.Collect$$$$0000000C) refers to main.o(i.main) for main
    init.o(.text) refers to entry5.o(.ARM.Collect$$$$00000004) for __main_after_scatterload


==============================================================================

Removing Unused input sections from the image.

    Removing main.o(.rev16_text), (4 bytes).
    Removing main.o(.revsh_text), (4 bytes).
    Removing main.o(.rrx_text), (6 bytes).
    Removing boards.o(.rev16_text), (4 bytes).
    Removing boards.o(.revsh_text), (4 bytes).
    Removing boards.o(.rrx_text), (6 bytes).
    Removing boards.o(i.bsp_board_init), (2 bytes).
    Removing nrf_drv_uart.o(.rev16_text), (4 bytes).
    Removing nrf_drv_uart.o(.revsh_text), (4 bytes).
    Removing nrf_drv_uart.o(.rrx_text), (6 bytes).
    Removing nrf_drv_uart.o(i.nrf_drv_uart_init), (104 bytes).
    Removing nrf_drv_uart.o(i.uart_evt_handler), (48 bytes).
    Removing nrf_drv_uart.o(i.uarte_evt_handler), (48 bytes).
    Removing nrf_drv_uart.o(.data), (20 bytes).
    Removing nrfx_prs.o(.rev16_text), (4 bytes).
    Removing nrfx_prs.o(.revsh_text), (4 bytes).
    Removing nrfx_prs.o(.rrx_text), (6 bytes).
    Removing nrfx_prs.o(i.nrfx_prs_release), (18 bytes).
    Removing nrfx_prs.o(.constdata), (17 bytes).
    Removing nrfx_uart.o(.rev16_text), (4 bytes).
    Removing nrfx_uart.o(.revsh_text), (4 bytes).
    Removing nrfx_uart.o(.rrx_text), (6 bytes).
    Removing nrfx_uart.o(i.apply_config), (118 bytes).
    Removing nrfx_uart.o(i.nrf_gpio_cfg), (50 bytes).
    Removing nrfx_uart.o(i.nrf_gpio_cfg_default), (18 bytes).
    Removing nrfx_uart.o(i.nrf_gpio_cfg_input), (18 bytes).
    Removing nrfx_uart.o(i.nrf_gpio_cfg_output), (20 bytes).
    Removing nrfx_uart.o(i.nrf_gpio_pin_port_decode), (28 bytes).
    Removing nrfx_uart.o(i.nrf_gpio_pin_set), (20 bytes).
    Removing nrfx_uart.o(i.nrf_uart_event_check), (10 bytes).
    Removing nrfx_uart.o(i.nrf_uart_event_clear), (12 bytes).
    Removing nrfx_uart.o(i.nrf_uart_int_enable_check), (12 bytes).
    Removing nrfx_uart.o(i.nrfx_uart_0_irq_handler), (16 bytes).
    Removing nrfx_uart.o(i.nrfx_uart_errorsrc_get), (26 bytes).
    Removing nrfx_uart.o(i.nrfx_uart_init), (212 bytes).
    Removing nrfx_uart.o(i.nrfx_uart_rx), (236 bytes).
    Removing nrfx_uart.o(i.nrfx_uart_rx_abort), (18 bytes).
    Removing nrfx_uart.o(i.nrfx_uart_rx_disable), (36 bytes).
    Removing nrfx_uart.o(i.nrfx_uart_rx_enable), (60 bytes).
    Removing nrfx_uart.o(i.nrfx_uart_rx_ready), (14 bytes).
    Removing nrfx_uart.o(i.nrfx_uart_tx), (164 bytes).
    Removing nrfx_uart.o(i.nrfx_uart_tx_abort), (48 bytes).
    Removing nrfx_uart.o(i.nrfx_uart_tx_in_progress), (32 bytes).
    Removing nrfx_uart.o(i.nrfx_uart_uninit), (180 bytes).
    Removing nrfx_uart.o(i.rx_byte), (50 bytes).
    Removing nrfx_uart.o(i.rx_done_event), (22 bytes).
    Removing nrfx_uart.o(i.rx_enable), (32 bytes).
    Removing nrfx_uart.o(i.tx_byte), (32 bytes).
    Removing nrfx_uart.o(i.tx_done_event), (26 bytes).
    Removing nrfx_uart.o(i.uart_irq_handler), (296 bytes).
    Removing nrfx_uart.o(.bss), (44 bytes).
    Removing nrfx_uart.o(.constdata), (15 bytes).
    Removing nrfx_uart.o(.constdata), (4 bytes).
    Removing nrfx_uart.o(.constdata), (13 bytes).
    Removing nrfx_uart.o(.constdata), (13 bytes).
    Removing nrfx_uarte.o(.rev16_text), (4 bytes).
    Removing nrfx_uarte.o(.revsh_text), (4 bytes).
    Removing nrfx_uarte.o(.rrx_text), (6 bytes).
    Removing nrfx_uarte.o(i.apply_config), (118 bytes).
    Removing nrfx_uarte.o(i.interrupts_enable), (128 bytes).
    Removing nrfx_uarte.o(i.nrf_gpio_cfg), (50 bytes).
    Removing nrfx_uarte.o(i.nrf_gpio_cfg_default), (18 bytes).
    Removing nrfx_uarte.o(i.nrf_gpio_cfg_input), (18 bytes).
    Removing nrfx_uarte.o(i.nrf_gpio_cfg_output), (20 bytes).
    Removing nrfx_uarte.o(i.nrf_gpio_pin_port_decode), (28 bytes).
    Removing nrfx_uarte.o(i.nrf_gpio_pin_set), (20 bytes).
    Removing nrfx_uarte.o(i.nrf_uarte_event_check), (10 bytes).
    Removing nrfx_uarte.o(i.nrf_uarte_event_clear), (12 bytes).
    Removing nrfx_uarte.o(i.nrfx_is_in_ram), (16 bytes).
    Removing nrfx_uarte.o(i.nrfx_uarte_0_irq_handler), (16 bytes).
    Removing nrfx_uarte.o(i.nrfx_uarte_errorsrc_get), (26 bytes).
    Removing nrfx_uarte.o(i.nrfx_uarte_init), (108 bytes).
    Removing nrfx_uarte.o(i.nrfx_uarte_rx), (260 bytes).
    Removing nrfx_uarte.o(i.nrfx_uarte_rx_abort), (8 bytes).
    Removing nrfx_uarte.o(i.nrfx_uarte_rx_ready), (14 bytes).
    Removing nrfx_uarte.o(i.nrfx_uarte_tx), (144 bytes).
    Removing nrfx_uarte.o(i.nrfx_uarte_tx_abort), (56 bytes).
    Removing nrfx_uarte.o(i.nrfx_uarte_tx_in_progress), (28 bytes).
    Removing nrfx_uarte.o(i.nrfx_uarte_uninit), (176 bytes).
    Removing nrfx_uarte.o(i.rx_done_event), (24 bytes).
    Removing nrfx_uarte.o(i.uarte_irq_handler), (244 bytes).
    Removing nrfx_uarte.o(.bss), (36 bytes).
    Removing nrfx_uarte.o(.constdata), (16 bytes).
    Removing nrfx_uarte.o(.constdata), (4 bytes).
    Removing nrfx_uarte.o(.constdata), (14 bytes).
    Removing nrfx_uarte.o(.constdata), (14 bytes).
    Removing nrfx_spim.o(.rev16_text), (4 bytes).
    Removing nrfx_spim.o(.revsh_text), (4 bytes).
    Removing nrfx_spim.o(.rrx_text), (6 bytes).
    Removing nrfx_spim.o(i.nrfx_spim_abort), (48 bytes).
    Removing nrfx_spim.o(i.nrfx_spim_end_event_get), (8 bytes).
    Removing nrfx_spim.o(i.nrfx_spim_start_task_get), (6 bytes).
    Removing nrfx_spim.o(i.nrfx_spim_uninit), (136 bytes).
    Removing nrfx_spim.o(.constdata), (15 bytes).
    Removing nrfx_spim.o(.constdata), (10 bytes).
    Removing nrfx_spim.o(.constdata), (15 bytes).
    Removing nrfx_spi.o(.rev16_text), (4 bytes).
    Removing nrfx_spi.o(.revsh_text), (4 bytes).
    Removing nrfx_spi.o(.rrx_text), (6 bytes).
    Removing nrf_drv_spi.o(.rev16_text), (4 bytes).
    Removing nrf_drv_spi.o(.revsh_text), (4 bytes).
    Removing nrf_drv_spi.o(.rrx_text), (6 bytes).
    Removing app_error.o(.rev16_text), (4 bytes).
    Removing app_error.o(.revsh_text), (4 bytes).
    Removing app_error.o(.rrx_text), (6 bytes).
    Removing app_error.o(i.app_error_handler_bare), (22 bytes).
    Removing app_error.o(i.app_error_save_and_stop), (100 bytes).
    Removing app_error.o(.bss), (32 bytes).
    Removing app_error_handler_keil.o(.rev16_text), (4 bytes).
    Removing app_error_handler_keil.o(.revsh_text), (4 bytes).
    Removing app_error_handler_keil.o(.rrx_text), (6 bytes).
    Removing app_error_handler_keil.o(.emb_text), (26 bytes).
    Removing app_error_weak.o(.rev16_text), (4 bytes).
    Removing app_error_weak.o(.revsh_text), (4 bytes).
    Removing app_error_weak.o(.rrx_text), (6 bytes).
    Removing app_error_weak.o(i.app_error_fault_handler), (48 bytes).
    Removing app_fifo.o(.rev16_text), (4 bytes).
    Removing app_fifo.o(.revsh_text), (4 bytes).
    Removing app_fifo.o(.rrx_text), (6 bytes).
    Removing app_fifo.o(i.app_fifo_flush), (8 bytes).
    Removing app_fifo.o(i.app_fifo_get), (22 bytes).
    Removing app_fifo.o(i.app_fifo_init), (32 bytes).
    Removing app_fifo.o(i.app_fifo_peek), (34 bytes).
    Removing app_fifo.o(i.app_fifo_put), (26 bytes).
    Removing app_fifo.o(i.app_fifo_read), (74 bytes).
    Removing app_fifo.o(i.app_fifo_write), (82 bytes).
    Removing app_fifo.o(i.fifo_get), (20 bytes).
    Removing app_fifo.o(i.fifo_put), (18 bytes).
    Removing app_uart_fifo.o(.rev16_text), (4 bytes).
    Removing app_uart_fifo.o(.revsh_text), (4 bytes).
    Removing app_uart_fifo.o(.rrx_text), (6 bytes).
    Removing app_uart_fifo.o(i.app_uart_close), (40 bytes).
    Removing app_uart_fifo.o(i.app_uart_flush), (32 bytes).
    Removing app_uart_fifo.o(i.app_uart_get), (52 bytes).
    Removing app_uart_fifo.o(i.app_uart_init), (164 bytes).
    Removing app_uart_fifo.o(i.app_uart_put), (84 bytes).
    Removing app_uart_fifo.o(i.nrf_drv_uart_rx), (32 bytes).
    Removing app_uart_fifo.o(i.nrf_drv_uart_tx), (32 bytes).
    Removing app_uart_fifo.o(i.uart_event_handler), (160 bytes).
    Removing app_uart_fifo.o(.bss), (32 bytes).
    Removing app_uart_fifo.o(.constdata), (32 bytes).
    Removing app_uart_fifo.o(.data), (28 bytes).
    Removing app_util_platform.o(.rev16_text), (4 bytes).
    Removing app_util_platform.o(.revsh_text), (4 bytes).
    Removing app_util_platform.o(.rrx_text), (6 bytes).
    Removing app_util_platform.o(i.current_int_priority_get), (48 bytes).
    Removing app_util_platform.o(i.privilege_level_get), (26 bytes).
    Removing nrf_assert.o(.rev16_text), (4 bytes).
    Removing nrf_assert.o(.revsh_text), (4 bytes).
    Removing nrf_assert.o(.rrx_text), (6 bytes).
    Removing nrf_assert.o(i.assert_nrf_callback), (22 bytes).
    Removing nrf_strerror.o(.rev16_text), (4 bytes).
    Removing nrf_strerror.o(.revsh_text), (4 bytes).
    Removing nrf_strerror.o(.rrx_text), (6 bytes).
    Removing nrf_strerror.o(i.nrf_strerror_find), (56 bytes).
    Removing nrf_strerror.o(i.nrf_strerror_get), (20 bytes).
    Removing nrf_strerror.o(.constdata), (300 bytes).
    Removing nrf_strerror.o(.conststring), (957 bytes).
    Removing retarget.o(.rev16_text), (4 bytes).
    Removing retarget.o(.revsh_text), (4 bytes).
    Removing retarget.o(.rrx_text), (6 bytes).
    Removing retarget.o(i.fgetc), (18 bytes).
    Removing retarget.o(i.fputc), (14 bytes).
    Removing retarget.o(.data), (4 bytes).
    Removing retarget.o(.data), (4 bytes).
    Removing ads1299.o(.rev16_text), (4 bytes).
    Removing ads1299.o(.revsh_text), (4 bytes).
    Removing ads1299.o(.rrx_text), (6 bytes).
    Removing spi.o(.rev16_text), (4 bytes).
    Removing spi.o(.revsh_text), (4 bytes).
    Removing spi.o(.rrx_text), (6 bytes).
    Removing spi.o(i.spi_event_handler0), (12 bytes).
    Removing spi.o(.data), (1 bytes).
    Removing segger_rtt.o(.rev16_text), (4 bytes).
    Removing segger_rtt.o(.revsh_text), (4 bytes).
    Removing segger_rtt.o(.rrx_text), (6 bytes).
    Removing segger_rtt.o(i.SEGGER_RTT_AllocDownBuffer), (108 bytes).
    Removing segger_rtt.o(i.SEGGER_RTT_AllocUpBuffer), (104 bytes).
    Removing segger_rtt.o(i.SEGGER_RTT_ConfigDownBuffer), (96 bytes).
    Removing segger_rtt.o(i.SEGGER_RTT_ConfigUpBuffer), (92 bytes).
    Removing segger_rtt.o(i.SEGGER_RTT_GetKey), (28 bytes).
    Removing segger_rtt.o(i.SEGGER_RTT_HasData), (28 bytes).
    Removing segger_rtt.o(i.SEGGER_RTT_HasKey), (32 bytes).
    Removing segger_rtt.o(i.SEGGER_RTT_Init), (4 bytes).
    Removing segger_rtt.o(i.SEGGER_RTT_PutChar), (88 bytes).
    Removing segger_rtt.o(i.SEGGER_RTT_PutCharSkip), (76 bytes).
    Removing segger_rtt.o(i.SEGGER_RTT_PutCharSkipNoLock), (52 bytes).
    Removing segger_rtt.o(i.SEGGER_RTT_Read), (36 bytes).
    Removing segger_rtt.o(i.SEGGER_RTT_ReadNoLock), (120 bytes).
    Removing segger_rtt.o(i.SEGGER_RTT_SetFlagsDownBuffer), (60 bytes).
    Removing segger_rtt.o(i.SEGGER_RTT_SetFlagsUpBuffer), (60 bytes).
    Removing segger_rtt.o(i.SEGGER_RTT_SetNameDownBuffer), (60 bytes).
    Removing segger_rtt.o(i.SEGGER_RTT_SetNameUpBuffer), (60 bytes).
    Removing segger_rtt.o(i.SEGGER_RTT_TerminalOut), (168 bytes).
    Removing segger_rtt.o(i.SEGGER_RTT_WaitKey), (14 bytes).
    Removing segger_rtt.o(i.SEGGER_RTT_WriteSkipNoLock), (116 bytes).
    Removing segger_rtt.o(i.SEGGER_RTT_WriteString), (26 bytes).
    Removing segger_rtt.o(i.SEGGER_RTT_WriteWithOverwriteNoLock), (148 bytes).
    Removing segger_rtt.o(i._PostTerminalSwitch), (32 bytes).
    Removing segger_rtt_printf.o(.rev16_text), (4 bytes).
    Removing segger_rtt_printf.o(.revsh_text), (4 bytes).
    Removing segger_rtt_printf.o(.rrx_text), (6 bytes).
    Removing arm_startup_nrf52840.o(HEAP), (8192 bytes).
    Removing system_nrf52840.o(.rev16_text), (4 bytes).
    Removing system_nrf52840.o(.revsh_text), (4 bytes).
    Removing system_nrf52840.o(.rrx_text), (6 bytes).
    Removing system_nrf52840.o(i.SystemCoreClockUpdate), (16 bytes).

207 unused section(s) (total 16868 bytes) removed from the image.

==============================================================================

Image Symbol Table

    Local Symbols

    Symbol Name                              Value     Ov Type        Size  Object(Section)

    RESET                                    0x00000000   Section      512  arm_startup_nrf52840.o(RESET)
    ../clib/microlib/init/entry.s            0x00000000   Number         0  entry10a.o ABSOLUTE
    ../clib/microlib/init/entry.s            0x00000000   Number         0  entry2.o ABSOLUTE
    ../clib/microlib/init/entry.s            0x00000000   Number         0  entry5.o ABSOLUTE
    ../clib/microlib/init/entry.s            0x00000000   Number         0  entry12b.o ABSOLUTE
    ../clib/microlib/init/entry.s            0x00000000   Number         0  entry12a.o ABSOLUTE
    ../clib/microlib/init/entry.s            0x00000000   Number         0  entry7a.o ABSOLUTE
    ../clib/microlib/init/entry.s            0x00000000   Number         0  entry11b.o ABSOLUTE
    ../clib/microlib/init/entry.s            0x00000000   Number         0  entry7b.o ABSOLUTE
    ../clib/microlib/init/entry.s            0x00000000   Number         0  entry.o ABSOLUTE
    ../clib/microlib/init/entry.s            0x00000000   Number         0  entry8a.o ABSOLUTE
    ../clib/microlib/init/entry.s            0x00000000   Number         0  entry11a.o ABSOLUTE
    ../clib/microlib/init/entry.s            0x00000000   Number         0  entry8b.o ABSOLUTE
    ../clib/microlib/init/entry.s            0x00000000   Number         0  entry9a.o ABSOLUTE
    ../clib/microlib/init/entry.s            0x00000000   Number         0  entry10b.o ABSOLUTE
    ../clib/microlib/init/entry.s            0x00000000   Number         0  entry9b.o ABSOLUTE
    ../clib/microlib/string/memcpy.c         0x00000000   Number         0  memcpya.o ABSOLUTE
    ../clib/microlib/string/memcpy.c         0x00000000   Number         0  memcpyb.o ABSOLUTE
    ../clib/microlib/string/strcpy.c         0x00000000   Number         0  strcpy.o ABSOLUTE
    ../clib/microlib/string/strlen.c         0x00000000   Number         0  strlen.o ABSOLUTE
    ..\..\..\..\..\..\components\boards\boards.c 0x00000000   Number         0  boards.o ABSOLUTE
    ..\..\..\..\..\..\components\libraries\fifo\app_fifo.c 0x00000000   Number         0  app_fifo.o ABSOLUTE
    ..\..\..\..\..\..\components\libraries\strerror\nrf_strerror.c 0x00000000   Number         0  nrf_strerror.o ABSOLUTE
    ..\..\..\..\..\..\components\libraries\uart\app_uart_fifo.c 0x00000000   Number         0  app_uart_fifo.o ABSOLUTE
    ..\..\..\..\..\..\components\libraries\uart\retarget.c 0x00000000   Number         0  retarget.o ABSOLUTE
    ..\..\..\..\..\..\components\libraries\util\app_error.c 0x00000000   Number         0  app_error.o ABSOLUTE
    ..\..\..\..\..\..\components\libraries\util\app_error_handler_keil.c 0x00000000   Number         0  app_error_handler_keil.o ABSOLUTE
    ..\..\..\..\..\..\components\libraries\util\app_error_weak.c 0x00000000   Number         0  app_error_weak.o ABSOLUTE
    ..\..\..\..\..\..\components\libraries\util\app_util_platform.c 0x00000000   Number         0  app_util_platform.o ABSOLUTE
    ..\..\..\..\..\..\components\libraries\util\nrf_assert.c 0x00000000   Number         0  nrf_assert.o ABSOLUTE
    ..\..\..\..\..\..\external\segger_rtt\SEGGER_RTT.c 0x00000000   Number         0  segger_rtt.o ABSOLUTE
    ..\..\..\..\..\..\external\segger_rtt\SEGGER_RTT_Syscalls_KEIL.c 0x00000000   Number         0  segger_rtt_syscalls_keil.o ABSOLUTE
    ..\..\..\..\..\..\external\segger_rtt\SEGGER_RTT_printf.c 0x00000000   Number         0  segger_rtt_printf.o ABSOLUTE
    ..\..\..\..\..\..\hardware\ADS1299\ADS1299.c 0x00000000   Number         0  ads1299.o ABSOLUTE
    ..\..\..\..\..\..\hardware\SPI\spi.c     0x00000000   Number         0  spi.o ABSOLUTE
    ..\..\..\..\..\..\integration\nrfx\legacy\nrf_drv_spi.c 0x00000000   Number         0  nrf_drv_spi.o ABSOLUTE
    ..\..\..\..\..\..\integration\nrfx\legacy\nrf_drv_uart.c 0x00000000   Number         0  nrf_drv_uart.o ABSOLUTE
    ..\..\..\..\..\..\modules\nrfx\drivers\src\nrfx_spi.c 0x00000000   Number         0  nrfx_spi.o ABSOLUTE
    ..\..\..\..\..\..\modules\nrfx\drivers\src\nrfx_spim.c 0x00000000   Number         0  nrfx_spim.o ABSOLUTE
    ..\..\..\..\..\..\modules\nrfx\drivers\src\nrfx_uart.c 0x00000000   Number         0  nrfx_uart.o ABSOLUTE
    ..\..\..\..\..\..\modules\nrfx\drivers\src\nrfx_uarte.c 0x00000000   Number         0  nrfx_uarte.o ABSOLUTE
    ..\..\..\..\..\..\modules\nrfx\drivers\src\prs\nrfx_prs.c 0x00000000   Number         0  nrfx_prs.o ABSOLUTE
    ..\..\..\main.c                          0x00000000   Number         0  main.o ABSOLUTE
    ..\\..\\..\\..\\..\\..\\components\\boards\\boards.c 0x00000000   Number         0  boards.o ABSOLUTE
    ..\\..\\..\\..\\..\\..\\components\\libraries\\fifo\\app_fifo.c 0x00000000   Number         0  app_fifo.o ABSOLUTE
    ..\\..\\..\\..\\..\\..\\components\\libraries\\strerror\\nrf_strerror.c 0x00000000   Number         0  nrf_strerror.o ABSOLUTE
    ..\\..\\..\\..\\..\\..\\components\\libraries\\uart\\app_uart_fifo.c 0x00000000   Number         0  app_uart_fifo.o ABSOLUTE
    ..\\..\\..\\..\\..\\..\\components\\libraries\\uart\\retarget.c 0x00000000   Number         0  retarget.o ABSOLUTE
    ..\\..\\..\\..\\..\\..\\components\\libraries\\util\\app_error.c 0x00000000   Number         0  app_error.o ABSOLUTE
    ..\\..\\..\\..\\..\\..\\components\\libraries\\util\\app_error_handler_keil.c 0x00000000   Number         0  app_error_handler_keil.o ABSOLUTE
    ..\\..\\..\\..\\..\\..\\components\\libraries\\util\\app_error_weak.c 0x00000000   Number         0  app_error_weak.o ABSOLUTE
    ..\\..\\..\\..\\..\\..\\components\\libraries\\util\\app_util_platform.c 0x00000000   Number         0  app_util_platform.o ABSOLUTE
    ..\\..\\..\\..\\..\\..\\components\\libraries\\util\\nrf_assert.c 0x00000000   Number         0  nrf_assert.o ABSOLUTE
    ..\\..\\..\\..\\..\\..\\external\\segger_rtt\\SEGGER_RTT.c 0x00000000   Number         0  segger_rtt.o ABSOLUTE
    ..\\..\\..\\..\\..\\..\\external\\segger_rtt\\SEGGER_RTT_printf.c 0x00000000   Number         0  segger_rtt_printf.o ABSOLUTE
    ..\\..\\..\\..\\..\\..\\hardware\\ADS1299\\ADS1299.c 0x00000000   Number         0  ads1299.o ABSOLUTE
    ..\\..\\..\\..\\..\\..\\hardware\\SPI\\spi.c 0x00000000   Number         0  spi.o ABSOLUTE
    ..\\..\\..\\..\\..\\..\\integration\\nrfx\\legacy\\nrf_drv_spi.c 0x00000000   Number         0  nrf_drv_spi.o ABSOLUTE
    ..\\..\\..\\..\\..\\..\\integration\\nrfx\\legacy\\nrf_drv_uart.c 0x00000000   Number         0  nrf_drv_uart.o ABSOLUTE
    ..\\..\\..\\..\\..\\..\\modules\\nrfx\\drivers\\src\\nrfx_spi.c 0x00000000   Number         0  nrfx_spi.o ABSOLUTE
    ..\\..\\..\\..\\..\\..\\modules\\nrfx\\drivers\\src\\nrfx_spim.c 0x00000000   Number         0  nrfx_spim.o ABSOLUTE
    ..\\..\\..\\..\\..\\..\\modules\\nrfx\\drivers\\src\\nrfx_uart.c 0x00000000   Number         0  nrfx_uart.o ABSOLUTE
    ..\\..\\..\\..\\..\\..\\modules\\nrfx\\drivers\\src\\nrfx_uarte.c 0x00000000   Number         0  nrfx_uarte.o ABSOLUTE
    ..\\..\\..\\..\\..\\..\\modules\\nrfx\\drivers\\src\\prs\\nrfx_prs.c 0x00000000   Number         0  nrfx_prs.o ABSOLUTE
    ..\\..\\..\\main.c                       0x00000000   Number         0  main.o ABSOLUTE
    RTE\Device\nRF52840_xxAA\arm_startup_nrf52840.s 0x00000000   Number         0  arm_startup_nrf52840.o ABSOLUTE
    RTE\Device\nRF52840_xxAA\system_nrf52840.c 0x00000000   Number         0  system_nrf52840.o ABSOLUTE
    RTE\\Device\\nRF52840_xxAA\\system_nrf52840.c 0x00000000   Number         0  system_nrf52840.o ABSOLUTE
    dc.s                                     0x00000000   Number         0  dc.o ABSOLUTE
    handlers.s                               0x00000000   Number         0  handlers.o ABSOLUTE
    init.s                                   0x00000000   Number         0  init.o ABSOLUTE
    .ARM.Collect$$$$00000000                 0x00000200   Section        0  entry.o(.ARM.Collect$$$$00000000)
    .ARM.Collect$$$$00000001                 0x00000200   Section        4  entry2.o(.ARM.Collect$$$$00000001)
    .ARM.Collect$$$$00000004                 0x00000204   Section        4  entry5.o(.ARM.Collect$$$$00000004)
    .ARM.Collect$$$$00000008                 0x00000208   Section        0  entry7b.o(.ARM.Collect$$$$00000008)
    .ARM.Collect$$$$0000000A                 0x00000208   Section        0  entry8b.o(.ARM.Collect$$$$0000000A)
    .ARM.Collect$$$$0000000B                 0x00000208   Section        8  entry9a.o(.ARM.Collect$$$$0000000B)
    .ARM.Collect$$$$0000000E                 0x00000210   Section        4  entry12b.o(.ARM.Collect$$$$0000000E)
    .ARM.Collect$$$$0000000F                 0x00000214   Section        0  entry10a.o(.ARM.Collect$$$$0000000F)
    .ARM.Collect$$$$00000011                 0x00000214   Section        0  entry11a.o(.ARM.Collect$$$$00000011)
    .ARM.Collect$$$$00002712                 0x00000214   Section        4  entry2.o(.ARM.Collect$$$$00002712)
    __lit__00000000                          0x00000214   Data           4  entry2.o(.ARM.Collect$$$$00002712)
    .text                                    0x00000218   Section       36  arm_startup_nrf52840.o(.text)
    $v0                                      0x00000218   Number         0  arm_startup_nrf52840.o(.text)
    .text                                    0x0000023c   Section        0  memcpya.o(.text)
    .text                                    0x00000260   Section        0  strcpy.o(.text)
    .text                                    0x00000274   Section       36  init.o(.text)
    i.ADS1299_Init                           0x00000298   Section        0  ads1299.o(i.ADS1299_Init)
    i.ADS1299_ReadDates                      0x000003fc   Section        0  ads1299.o(i.ADS1299_ReadDates)
    i.ADS1299_Read_REG                       0x000004b4   Section        0  ads1299.o(i.ADS1299_Read_REG)
    i.ADS1299_Write_REG                      0x000004ec   Section        0  ads1299.o(i.ADS1299_Write_REG)
    i.SEGGER_RTT_SetTerminal                 0x00000528   Section        0  segger_rtt.o(i.SEGGER_RTT_SetTerminal)
    i.SEGGER_RTT_Write                       0x000005a8   Section        0  segger_rtt.o(i.SEGGER_RTT_Write)
    i.SEGGER_RTT_WriteNoLock                 0x000005dc   Section        0  segger_rtt.o(i.SEGGER_RTT_WriteNoLock)
    i.SEGGER_RTT_printf                      0x00000638   Section        0  segger_rtt_printf.o(i.SEGGER_RTT_printf)
    i.SEGGER_RTT_vprintf                     0x0000064e   Section        0  segger_rtt_printf.o(i.SEGGER_RTT_vprintf)
    i.SPIM0_SPIS0_TWIM0_TWIS0_SPI0_TWI0_IRQHandler 0x000007e4   Section        0  nrfx_spim.o(i.SPIM0_SPIS0_TWIM0_TWIS0_SPI0_TWI0_IRQHandler)
    i.SPI_Init                               0x00000838   Section        0  spi.o(i.SPI_Init)
    i.SPI_Receive_Send                       0x000008cc   Section        0  spi.o(i.SPI_Receive_Send)
    i.SystemInit                             0x000008f8   Section        0  system_nrf52840.o(i.SystemInit)
    i.UARTE0_UART0_IRQHandler                0x00000ad4   Section        0  nrfx_prs.o(i.UARTE0_UART0_IRQHandler)
    i._DoInit                                0x00000ae0   Section        0  segger_rtt.o(i._DoInit)
    _DoInit                                  0x00000ae1   Thumb Code    84  segger_rtt.o(i._DoInit)
    i._GetAvailWriteSpace                    0x00000b54   Section        0  segger_rtt.o(i._GetAvailWriteSpace)
    _GetAvailWriteSpace                      0x00000b55   Thumb Code    22  segger_rtt.o(i._GetAvailWriteSpace)
    i._PrintInt                              0x00000b6c   Section        0  segger_rtt_printf.o(i._PrintInt)
    _PrintInt                                0x00000b6d   Thumb Code   198  segger_rtt_printf.o(i._PrintInt)
    i._PrintUnsigned                         0x00000c34   Section        0  segger_rtt_printf.o(i._PrintUnsigned)
    _PrintUnsigned                           0x00000c35   Thumb Code   206  segger_rtt_printf.o(i._PrintUnsigned)
    i._StoreChar                             0x00000d08   Section        0  segger_rtt_printf.o(i._StoreChar)
    _StoreChar                               0x00000d09   Thumb Code    62  segger_rtt_printf.o(i._StoreChar)
    i._WriteBlocking                         0x00000d46   Section        0  segger_rtt.o(i._WriteBlocking)
    _WriteBlocking                           0x00000d47   Thumb Code    90  segger_rtt.o(i._WriteBlocking)
    i._WriteNoCheck                          0x00000da0   Section        0  segger_rtt.o(i._WriteNoCheck)
    _WriteNoCheck                            0x00000da1   Thumb Code    66  segger_rtt.o(i._WriteNoCheck)
    i.__scatterload_copy                     0x00000de2   Section       14  handlers.o(i.__scatterload_copy)
    i.__scatterload_null                     0x00000df0   Section        2  handlers.o(i.__scatterload_null)
    i.__scatterload_zeroinit                 0x00000df2   Section       14  handlers.o(i.__scatterload_zeroinit)
    i.app_util_critical_region_enter         0x00000e00   Section        0  app_util_platform.o(i.app_util_critical_region_enter)
    i.app_util_critical_region_exit          0x00000e04   Section        0  app_util_platform.o(i.app_util_critical_region_exit)
    i.app_util_disable_irq                   0x00000e08   Section        0  app_util_platform.o(i.app_util_disable_irq)
    i.app_util_enable_irq                    0x00000e18   Section        0  app_util_platform.o(i.app_util_enable_irq)
    i.main                                   0x00000e2c   Section        0  main.o(i.main)
    i.nrf_delay_ms                           0x00000e8c   Section        0  ads1299.o(i.nrf_delay_ms)
    nrf_delay_ms                             0x00000e8d   Thumb Code    28  ads1299.o(i.nrf_delay_ms)
    i.nrf_drv_spi_init                       0x00000eac   Section        0  nrf_drv_spi.o(i.nrf_drv_spi_init)
    i.nrf_gpio_cfg                           0x00000f1c   Section        0  nrfx_spim.o(i.nrf_gpio_cfg)
    nrf_gpio_cfg                             0x00000f1d   Thumb Code    50  nrfx_spim.o(i.nrf_gpio_cfg)
    i.nrf_gpio_cfg                           0x00000f4e   Section        0  spi.o(i.nrf_gpio_cfg)
    nrf_gpio_cfg                             0x00000f4f   Thumb Code    50  spi.o(i.nrf_gpio_cfg)
    i.nrf_gpio_cfg_output                    0x00000f80   Section        0  nrfx_spim.o(i.nrf_gpio_cfg_output)
    nrf_gpio_cfg_output                      0x00000f81   Thumb Code    20  nrfx_spim.o(i.nrf_gpio_cfg_output)
    i.nrf_gpio_cfg_output                    0x00000f94   Section        0  spi.o(i.nrf_gpio_cfg_output)
    nrf_gpio_cfg_output                      0x00000f95   Thumb Code    20  spi.o(i.nrf_gpio_cfg_output)
    i.nrf_gpio_pin_clear                     0x00000fa8   Section        0  nrfx_spim.o(i.nrf_gpio_pin_clear)
    nrf_gpio_pin_clear                       0x00000fa9   Thumb Code    20  nrfx_spim.o(i.nrf_gpio_pin_clear)
    i.nrf_gpio_pin_clear                     0x00000fbc   Section        0  ads1299.o(i.nrf_gpio_pin_clear)
    nrf_gpio_pin_clear                       0x00000fbd   Thumb Code    20  ads1299.o(i.nrf_gpio_pin_clear)
    i.nrf_gpio_pin_port_decode               0x00000fd0   Section        0  nrfx_spim.o(i.nrf_gpio_pin_port_decode)
    nrf_gpio_pin_port_decode                 0x00000fd1   Thumb Code    22  nrfx_spim.o(i.nrf_gpio_pin_port_decode)
    i.nrf_gpio_pin_port_decode               0x00000fec   Section        0  ads1299.o(i.nrf_gpio_pin_port_decode)
    nrf_gpio_pin_port_decode                 0x00000fed   Thumb Code    22  ads1299.o(i.nrf_gpio_pin_port_decode)
    i.nrf_gpio_pin_port_decode               0x00001008   Section        0  spi.o(i.nrf_gpio_pin_port_decode)
    nrf_gpio_pin_port_decode                 0x00001009   Thumb Code    22  spi.o(i.nrf_gpio_pin_port_decode)
    i.nrf_gpio_pin_set                       0x00001024   Section        0  nrfx_spim.o(i.nrf_gpio_pin_set)
    nrf_gpio_pin_set                         0x00001025   Thumb Code    20  nrfx_spim.o(i.nrf_gpio_pin_set)
    i.nrf_gpio_pin_set                       0x00001038   Section        0  ads1299.o(i.nrf_gpio_pin_set)
    nrf_gpio_pin_set                         0x00001039   Thumb Code    20  ads1299.o(i.nrf_gpio_pin_set)
    i.nrf_gpio_pin_set                       0x0000104c   Section        0  spi.o(i.nrf_gpio_pin_set)
    nrf_gpio_pin_set                         0x0000104d   Thumb Code    20  spi.o(i.nrf_gpio_pin_set)
    i.nrf_spim_event_check                   0x00001060   Section        0  nrfx_spim.o(i.nrf_spim_event_check)
    nrf_spim_event_check                     0x00001061   Thumb Code    10  nrfx_spim.o(i.nrf_spim_event_check)
    i.nrfx_is_in_ram                         0x0000106a   Section        0  nrfx_spim.o(i.nrfx_is_in_ram)
    nrfx_is_in_ram                           0x0000106b   Thumb Code    16  nrfx_spim.o(i.nrfx_is_in_ram)
    i.nrfx_prs_acquire                       0x0000107a   Section        0  nrfx_prs.o(i.nrfx_prs_acquire)
    i.nrfx_spim_init                         0x000010ac   Section        0  nrfx_spim.o(i.nrfx_spim_init)
    i.nrfx_spim_xfer                         0x0000123c   Section        0  nrfx_spim.o(i.nrfx_spim_xfer)
    i.prs_box_get                            0x000012a0   Section        0  nrfx_prs.o(i.prs_box_get)
    prs_box_get                              0x000012a1   Thumb Code    14  nrfx_prs.o(i.prs_box_get)
    i.spim_evt_handler                       0x000012b8   Section        0  nrf_drv_spi.o(i.spim_evt_handler)
    spim_evt_handler                         0x000012b9   Thumb Code    52  nrf_drv_spi.o(i.spim_evt_handler)
    i.spim_xfer                              0x000012f0   Section        0  nrfx_spim.o(i.spim_xfer)
    spim_xfer                                0x000012f1   Thumb Code   188  nrfx_spim.o(i.spim_xfer)
    .constdata                               0x000013ac   Section        4  nrfx_spim.o(.constdata)
    irq_handlers                             0x000013ac   Data           4  nrfx_spim.o(.constdata)
    .constdata                               0x000013b0   Section       16  nrf_drv_spi.o(.constdata)
    .constdata                               0x000013c0   Section        6  ads1299.o(.constdata)
    delay_bytecode                           0x000013c0   Data           6  ads1299.o(.constdata)
    .constdata                               0x000013c8   Section       16  spi.o(.constdata)
    spi_0                                    0x000013c8   Data          16  spi.o(.constdata)
    .constdata                               0x000013d8   Section       16  segger_rtt_printf.o(.constdata)
    _aV2C                                    0x000013d8   Data          16  segger_rtt_printf.o(.constdata)
    .data                                    0x20000000   Section       12  main.o(.data)
    .data                                    0x2000000c   Section        8  nrfx_prs.o(.data)
    m_prs_box_4                              0x2000000c   Data           8  nrfx_prs.o(.data)
    .data                                    0x20000014   Section        4  app_util_platform.o(.data)
    m_in_critical_region                     0x20000014   Data           4  app_util_platform.o(.data)
    .data                                    0x20000018   Section        8  ads1299.o(.data)
    .data                                    0x20000020   Section       17  segger_rtt.o(.data)
    _ActiveTerminal                          0x20000020   Data           1  segger_rtt.o(.data)
    _aTerminalId                             0x20000021   Data          16  segger_rtt.o(.data)
    .data                                    0x20000034   Section        4  system_nrf52840.o(.data)
    __tagsym$$used                           0x20000034   Number         0  system_nrf52840.o(.data)
    .bss                                     0x20000038   Section       36  nrfx_spim.o(.bss)
    m_cb                                     0x20000038   Data          36  nrfx_spim.o(.bss)
    .bss                                     0x2000005c   Section       32  nrf_drv_spi.o(.bss)
    m_handlers                               0x2000005c   Data          16  nrf_drv_spi.o(.bss)
    m_contexts                               0x2000006c   Data          16  nrf_drv_spi.o(.bss)
    .bss                                     0x2000007c   Section      108  ads1299.o(.bss)
    buf                                      0x2000007c   Data          27  ads1299.o(.bss)
    .bss                                     0x200000e8   Section     4376  segger_rtt.o(.bss)
    _acUpBuffer                              0x200001f0   Data        4096  segger_rtt.o(.bss)
    _acDownBuffer                            0x200011f0   Data          16  segger_rtt.o(.bss)
    STACK                                    0x20001200   Section     8192  arm_startup_nrf52840.o(STACK)

    Global Symbols

    Symbol Name                              Value     Ov Type        Size  Object(Section)

    BuildAttributes$$THM_ISAv4$E$P$D$K$B$S$7EM$VFPi3$EXTD16$VFPS$VFMA$PE$A:L22UL41UL21$X:L11$S22US41US21$IEEE1$IW$USESV6$~STKCKD$USESV7$~SHL$OSPACE$EBA8$MICROLIB$REQ8$PRES8$EABIv2 0x00000000   Number         0  anon$$obj.o ABSOLUTE
    __ARM_use_no_argv                        0x00000000   Number         0  main.o ABSOLUTE
    __Vectors                                0x00000000   Data           4  arm_startup_nrf52840.o(RESET)
    __arm_fini_                               - Undefined Weak Reference
    __cpp_initialize__aeabi_                  - Undefined Weak Reference
    __cxa_finalize                            - Undefined Weak Reference
    __decompress                              - Undefined Weak Reference
    _clock_init                               - Undefined Weak Reference
    _microlib_exit                            - Undefined Weak Reference
    __Vectors_End                            0x00000200   Data           0  arm_startup_nrf52840.o(RESET)
    __Vectors_Size                           0x00000200   Number         0  arm_startup_nrf52840.o ABSOLUTE
    __main                                   0x00000201   Thumb Code     0  entry.o(.ARM.Collect$$$$00000000)
    _main_stk                                0x00000201   Thumb Code     0  entry2.o(.ARM.Collect$$$$00000001)
    _main_scatterload                        0x00000205   Thumb Code     0  entry5.o(.ARM.Collect$$$$00000004)
    __main_after_scatterload                 0x00000209   Thumb Code     0  entry5.o(.ARM.Collect$$$$00000004)
    _main_clock                              0x00000209   Thumb Code     0  entry7b.o(.ARM.Collect$$$$00000008)
    _main_cpp_init                           0x00000209   Thumb Code     0  entry8b.o(.ARM.Collect$$$$0000000A)
    _main_init                               0x00000209   Thumb Code     0  entry9a.o(.ARM.Collect$$$$0000000B)
    __rt_lib_shutdown_fini                   0x00000211   Thumb Code     0  entry12b.o(.ARM.Collect$$$$0000000E)
    __rt_final_cpp                           0x00000215   Thumb Code     0  entry10a.o(.ARM.Collect$$$$0000000F)
    __rt_final_exit                          0x00000215   Thumb Code     0  entry11a.o(.ARM.Collect$$$$00000011)
    Reset_Handler                            0x00000219   Thumb Code     8  arm_startup_nrf52840.o(.text)
    NMI_Handler                              0x00000221   Thumb Code     2  arm_startup_nrf52840.o(.text)
    HardFault_Handler                        0x00000223   Thumb Code     2  arm_startup_nrf52840.o(.text)
    MemoryManagement_Handler                 0x00000225   Thumb Code     2  arm_startup_nrf52840.o(.text)
    BusFault_Handler                         0x00000227   Thumb Code     2  arm_startup_nrf52840.o(.text)
    UsageFault_Handler                       0x00000229   Thumb Code     2  arm_startup_nrf52840.o(.text)
    SVC_Handler                              0x0000022b   Thumb Code     2  arm_startup_nrf52840.o(.text)
    DebugMon_Handler                         0x0000022d   Thumb Code     2  arm_startup_nrf52840.o(.text)
    PendSV_Handler                           0x0000022f   Thumb Code     2  arm_startup_nrf52840.o(.text)
    SysTick_Handler                          0x00000231   Thumb Code     2  arm_startup_nrf52840.o(.text)
    CCM_AAR_IRQHandler                       0x00000233   Thumb Code     0  arm_startup_nrf52840.o(.text)
    COMP_LPCOMP_IRQHandler                   0x00000233   Thumb Code     0  arm_startup_nrf52840.o(.text)
    CRYPTOCELL_IRQHandler                    0x00000233   Thumb Code     0  arm_startup_nrf52840.o(.text)
    ECB_IRQHandler                           0x00000233   Thumb Code     0  arm_startup_nrf52840.o(.text)
    FPU_IRQHandler                           0x00000233   Thumb Code     0  arm_startup_nrf52840.o(.text)
    GPIOTE_IRQHandler                        0x00000233   Thumb Code     0  arm_startup_nrf52840.o(.text)
    I2S_IRQHandler                           0x00000233   Thumb Code     0  arm_startup_nrf52840.o(.text)
    MWU_IRQHandler                           0x00000233   Thumb Code     0  arm_startup_nrf52840.o(.text)
    NFCT_IRQHandler                          0x00000233   Thumb Code     0  arm_startup_nrf52840.o(.text)
    PDM_IRQHandler                           0x00000233   Thumb Code     0  arm_startup_nrf52840.o(.text)
    POWER_CLOCK_IRQHandler                   0x00000233   Thumb Code     0  arm_startup_nrf52840.o(.text)
    PWM0_IRQHandler                          0x00000233   Thumb Code     0  arm_startup_nrf52840.o(.text)
    PWM1_IRQHandler                          0x00000233   Thumb Code     0  arm_startup_nrf52840.o(.text)
    PWM2_IRQHandler                          0x00000233   Thumb Code     0  arm_startup_nrf52840.o(.text)
    PWM3_IRQHandler                          0x00000233   Thumb Code     0  arm_startup_nrf52840.o(.text)
    QDEC_IRQHandler                          0x00000233   Thumb Code     0  arm_startup_nrf52840.o(.text)
    QSPI_IRQHandler                          0x00000233   Thumb Code     0  arm_startup_nrf52840.o(.text)
    RADIO_IRQHandler                         0x00000233   Thumb Code     0  arm_startup_nrf52840.o(.text)
    RNG_IRQHandler                           0x00000233   Thumb Code     0  arm_startup_nrf52840.o(.text)
    RTC0_IRQHandler                          0x00000233   Thumb Code     0  arm_startup_nrf52840.o(.text)
    RTC1_IRQHandler                          0x00000233   Thumb Code     0  arm_startup_nrf52840.o(.text)
    RTC2_IRQHandler                          0x00000233   Thumb Code     0  arm_startup_nrf52840.o(.text)
    SAADC_IRQHandler                         0x00000233   Thumb Code     0  arm_startup_nrf52840.o(.text)
    SPIM1_SPIS1_TWIM1_TWIS1_SPI1_TWI1_IRQHandler 0x00000233   Thumb Code     0  arm_startup_nrf52840.o(.text)
    SPIM2_SPIS2_SPI2_IRQHandler              0x00000233   Thumb Code     0  arm_startup_nrf52840.o(.text)
    SPIM3_IRQHandler                         0x00000233   Thumb Code     0  arm_startup_nrf52840.o(.text)
    SWI0_EGU0_IRQHandler                     0x00000233   Thumb Code     0  arm_startup_nrf52840.o(.text)
    SWI1_EGU1_IRQHandler                     0x00000233   Thumb Code     0  arm_startup_nrf52840.o(.text)
    SWI2_EGU2_IRQHandler                     0x00000233   Thumb Code     0  arm_startup_nrf52840.o(.text)
    SWI3_EGU3_IRQHandler                     0x00000233   Thumb Code     0  arm_startup_nrf52840.o(.text)
    SWI4_EGU4_IRQHandler                     0x00000233   Thumb Code     0  arm_startup_nrf52840.o(.text)
    SWI5_EGU5_IRQHandler                     0x00000233   Thumb Code     0  arm_startup_nrf52840.o(.text)
    TEMP_IRQHandler                          0x00000233   Thumb Code     0  arm_startup_nrf52840.o(.text)
    TIMER0_IRQHandler                        0x00000233   Thumb Code     0  arm_startup_nrf52840.o(.text)
    TIMER1_IRQHandler                        0x00000233   Thumb Code     0  arm_startup_nrf52840.o(.text)
    TIMER2_IRQHandler                        0x00000233   Thumb Code     0  arm_startup_nrf52840.o(.text)
    TIMER3_IRQHandler                        0x00000233   Thumb Code     0  arm_startup_nrf52840.o(.text)
    TIMER4_IRQHandler                        0x00000233   Thumb Code     0  arm_startup_nrf52840.o(.text)
    UARTE1_IRQHandler                        0x00000233   Thumb Code     0  arm_startup_nrf52840.o(.text)
    USBD_IRQHandler                          0x00000233   Thumb Code     0  arm_startup_nrf52840.o(.text)
    WDT_IRQHandler                           0x00000233   Thumb Code     0  arm_startup_nrf52840.o(.text)
    __aeabi_memcpy                           0x0000023d   Thumb Code    36  memcpya.o(.text)
    __aeabi_memcpy4                          0x0000023d   Thumb Code     0  memcpya.o(.text)
    __aeabi_memcpy8                          0x0000023d   Thumb Code     0  memcpya.o(.text)
    strcpy                                   0x00000261   Thumb Code    18  strcpy.o(.text)
    __scatterload                            0x00000275   Thumb Code    28  init.o(.text)
    __scatterload_rt2                        0x00000275   Thumb Code     0  init.o(.text)
    ADS1299_Init                             0x00000299   Thumb Code   352  ads1299.o(i.ADS1299_Init)
    ADS1299_ReadDates                        0x000003fd   Thumb Code   170  ads1299.o(i.ADS1299_ReadDates)
    ADS1299_Read_REG                         0x000004b5   Thumb Code    56  ads1299.o(i.ADS1299_Read_REG)
    ADS1299_Write_REG                        0x000004ed   Thumb Code    60  ads1299.o(i.ADS1299_Write_REG)
    SEGGER_RTT_SetTerminal                   0x00000529   Thumb Code   120  segger_rtt.o(i.SEGGER_RTT_SetTerminal)
    SEGGER_RTT_Write                         0x000005a9   Thumb Code    46  segger_rtt.o(i.SEGGER_RTT_Write)
    SEGGER_RTT_WriteNoLock                   0x000005dd   Thumb Code    86  segger_rtt.o(i.SEGGER_RTT_WriteNoLock)
    SEGGER_RTT_printf                        0x00000639   Thumb Code    22  segger_rtt_printf.o(i.SEGGER_RTT_printf)
    SEGGER_RTT_vprintf                       0x0000064f   Thumb Code   406  segger_rtt_printf.o(i.SEGGER_RTT_vprintf)
    SPIM0_SPIS0_TWIM0_TWIS0_SPI0_TWI0_IRQHandler 0x000007e5   Thumb Code    76  nrfx_spim.o(i.SPIM0_SPIS0_TWIM0_TWIS0_SPI0_TWI0_IRQHandler)
    SPI_Init                                 0x00000839   Thumb Code   144  spi.o(i.SPI_Init)
    SPI_Receive_Send                         0x000008cd   Thumb Code    38  spi.o(i.SPI_Receive_Send)
    SystemInit                               0x000008f9   Thumb Code   416  system_nrf52840.o(i.SystemInit)
    UARTE0_UART0_IRQHandler                  0x00000ad5   Thumb Code     6  nrfx_prs.o(i.UARTE0_UART0_IRQHandler)
    __scatterload_copy                       0x00000de3   Thumb Code    14  handlers.o(i.__scatterload_copy)
    __scatterload_null                       0x00000df1   Thumb Code     2  handlers.o(i.__scatterload_null)
    __scatterload_zeroinit                   0x00000df3   Thumb Code    14  handlers.o(i.__scatterload_zeroinit)
    app_util_critical_region_enter           0x00000e01   Thumb Code     4  app_util_platform.o(i.app_util_critical_region_enter)
    app_util_critical_region_exit            0x00000e05   Thumb Code     4  app_util_platform.o(i.app_util_critical_region_exit)
    app_util_disable_irq                     0x00000e09   Thumb Code    12  app_util_platform.o(i.app_util_disable_irq)
    app_util_enable_irq                      0x00000e19   Thumb Code    14  app_util_platform.o(i.app_util_enable_irq)
    main                                     0x00000e2d   Thumb Code    78  main.o(i.main)
    nrf_drv_spi_init                         0x00000ead   Thumb Code    98  nrf_drv_spi.o(i.nrf_drv_spi_init)
    nrfx_prs_acquire                         0x0000107b   Thumb Code    48  nrfx_prs.o(i.nrfx_prs_acquire)
    nrfx_spim_init                           0x000010ad   Thumb Code   392  nrfx_spim.o(i.nrfx_spim_init)
    nrfx_spim_xfer                           0x0000123d   Thumb Code    94  nrfx_spim.o(i.nrfx_spim_xfer)
    Region$$Table$$Base                      0x000013e8   Number         0  anon$$obj.o(Region$$Table)
    Region$$Table$$Limit                     0x00001408   Number         0  anon$$obj.o(Region$$Table)
    EMG_Flag                                 0x20000000   Data           1  main.o(.data)
    i                                        0x20000004   Data           4  main.o(.data)
    data_wait                                0x20000008   Data           4  main.o(.data)
    bug                                      0x20000018   Data           1  ads1299.o(.data)
    signByte                                 0x2000001c   Data           4  ads1299.o(.data)
    SystemCoreClock                          0x20000034   Data           4  system_nrf52840.o(.data)
    EMG_data                                 0x20000098   Data          32  ads1299.o(.bss)
    ADC_data                                 0x200000b8   Data          48  ads1299.o(.bss)
    _SEGGER_RTT                              0x200000e8   Data         264  segger_rtt.o(.bss)
    __initial_sp                             0x20003200   Data           0  arm_startup_nrf52840.o(STACK)



==============================================================================

Memory Map of the image

  Image Entry point : 0x00000201

  Load Region LR_IROM1 (Base: 0x00000000, Size: 0x00001440, Max: 0x00100000, ABSOLUTE)

    Execution Region ER_IROM1 (Exec base: 0x00000000, Load base: 0x00000000, Size: 0x00001408, Max: 0x00100000, ABSOLUTE)

    Exec Addr    Load Addr    Size         Type   Attr      Idx    E Section Name        Object

    0x00000000   0x00000000   0x00000200   Data   RO         1804    RESET               arm_startup_nrf52840.o
    0x00000200   0x00000200   0x00000000   Code   RO         1845  * .ARM.Collect$$$$00000000  mc_w.l(entry.o)
    0x00000200   0x00000200   0x00000004   Code   RO         1856    .ARM.Collect$$$$00000001  mc_w.l(entry2.o)
    0x00000204   0x00000204   0x00000004   Code   RO         1859    .ARM.Collect$$$$00000004  mc_w.l(entry5.o)
    0x00000208   0x00000208   0x00000000   Code   RO         1861    .ARM.Collect$$$$00000008  mc_w.l(entry7b.o)
    0x00000208   0x00000208   0x00000000   Code   RO         1863    .ARM.Collect$$$$0000000A  mc_w.l(entry8b.o)
    0x00000208   0x00000208   0x00000008   Code   RO         1864    .ARM.Collect$$$$0000000B  mc_w.l(entry9a.o)
    0x00000210   0x00000210   0x00000004   Code   RO         1871    .ARM.Collect$$$$0000000E  mc_w.l(entry12b.o)
    0x00000214   0x00000214   0x00000000   Code   RO         1866    .ARM.Collect$$$$0000000F  mc_w.l(entry10a.o)
    0x00000214   0x00000214   0x00000000   Code   RO         1868    .ARM.Collect$$$$00000011  mc_w.l(entry11a.o)
    0x00000214   0x00000214   0x00000004   Code   RO         1857    .ARM.Collect$$$$00002712  mc_w.l(entry2.o)
    0x00000218   0x00000218   0x00000024   Code   RO         1805    .text               arm_startup_nrf52840.o
    0x0000023c   0x0000023c   0x00000024   Code   RO         1848    .text               mc_w.l(memcpya.o)
    0x00000260   0x00000260   0x00000012   Code   RO         1852    .text               mc_w.l(strcpy.o)
    0x00000272   0x00000272   0x00000002   PAD
    0x00000274   0x00000274   0x00000024   Code   RO         1872    .text               mc_w.l(init.o)
    0x00000298   0x00000298   0x00000164   Code   RO         1397    i.ADS1299_Init      ads1299.o
    0x000003fc   0x000003fc   0x000000b8   Code   RO         1398    i.ADS1299_ReadDates  ads1299.o
    0x000004b4   0x000004b4   0x00000038   Code   RO         1399    i.ADS1299_Read_REG  ads1299.o
    0x000004ec   0x000004ec   0x0000003c   Code   RO         1400    i.ADS1299_Write_REG  ads1299.o
    0x00000528   0x00000528   0x00000080   Code   RO         1562    i.SEGGER_RTT_SetTerminal  segger_rtt.o
    0x000005a8   0x000005a8   0x00000034   Code   RO         1565    i.SEGGER_RTT_Write  segger_rtt.o
    0x000005dc   0x000005dc   0x0000005c   Code   RO         1566    i.SEGGER_RTT_WriteNoLock  segger_rtt.o
    0x00000638   0x00000638   0x00000016   Code   RO         1743    i.SEGGER_RTT_printf  segger_rtt_printf.o
    0x0000064e   0x0000064e   0x00000196   Code   RO         1744    i.SEGGER_RTT_vprintf  segger_rtt_printf.o
    0x000007e4   0x000007e4   0x00000054   Code   RO          797    i.SPIM0_SPIS0_TWIM0_TWIS0_SPI0_TWI0_IRQHandler  nrfx_spim.o
    0x00000838   0x00000838   0x00000094   Code   RO         1480    i.SPI_Init          spi.o
    0x000008cc   0x000008cc   0x0000002c   Code   RO         1481    i.SPI_Receive_Send  spi.o
    0x000008f8   0x000008f8   0x000001dc   Code   RO         1813    i.SystemInit        system_nrf52840.o
    0x00000ad4   0x00000ad4   0x0000000c   Code   RO          373    i.UARTE0_UART0_IRQHandler  nrfx_prs.o
    0x00000ae0   0x00000ae0   0x00000074   Code   RO         1570    i._DoInit           segger_rtt.o
    0x00000b54   0x00000b54   0x00000016   Code   RO         1571    i._GetAvailWriteSpace  segger_rtt.o
    0x00000b6a   0x00000b6a   0x00000002   PAD
    0x00000b6c   0x00000b6c   0x000000c6   Code   RO         1745    i._PrintInt         segger_rtt_printf.o
    0x00000c32   0x00000c32   0x00000002   PAD
    0x00000c34   0x00000c34   0x000000d4   Code   RO         1746    i._PrintUnsigned    segger_rtt_printf.o
    0x00000d08   0x00000d08   0x0000003e   Code   RO         1747    i._StoreChar        segger_rtt_printf.o
    0x00000d46   0x00000d46   0x0000005a   Code   RO         1573    i._WriteBlocking    segger_rtt.o
    0x00000da0   0x00000da0   0x00000042   Code   RO         1574    i._WriteNoCheck     segger_rtt.o
    0x00000de2   0x00000de2   0x0000000e   Code   RO         1876    i.__scatterload_copy  mc_w.l(handlers.o)
    0x00000df0   0x00000df0   0x00000002   Code   RO         1877    i.__scatterload_null  mc_w.l(handlers.o)
    0x00000df2   0x00000df2   0x0000000e   Code   RO         1878    i.__scatterload_zeroinit  mc_w.l(handlers.o)
    0x00000e00   0x00000e00   0x00000004   Code   RO         1237    i.app_util_critical_region_enter  app_util_platform.o
    0x00000e04   0x00000e04   0x00000004   Code   RO         1238    i.app_util_critical_region_exit  app_util_platform.o
    0x00000e08   0x00000e08   0x00000010   Code   RO         1239    i.app_util_disable_irq  app_util_platform.o
    0x00000e18   0x00000e18   0x00000014   Code   RO         1240    i.app_util_enable_irq  app_util_platform.o
    0x00000e2c   0x00000e2c   0x00000060   Code   RO            4    i.main              main.o
    0x00000e8c   0x00000e8c   0x00000020   Code   RO         1401    i.nrf_delay_ms      ads1299.o
    0x00000eac   0x00000eac   0x00000070   Code   RO          934    i.nrf_drv_spi_init  nrf_drv_spi.o
    0x00000f1c   0x00000f1c   0x00000032   Code   RO          798    i.nrf_gpio_cfg      nrfx_spim.o
    0x00000f4e   0x00000f4e   0x00000032   Code   RO         1482    i.nrf_gpio_cfg      spi.o
    0x00000f80   0x00000f80   0x00000014   Code   RO          799    i.nrf_gpio_cfg_output  nrfx_spim.o
    0x00000f94   0x00000f94   0x00000014   Code   RO         1483    i.nrf_gpio_cfg_output  spi.o
    0x00000fa8   0x00000fa8   0x00000014   Code   RO          800    i.nrf_gpio_pin_clear  nrfx_spim.o
    0x00000fbc   0x00000fbc   0x00000014   Code   RO         1402    i.nrf_gpio_pin_clear  ads1299.o
    0x00000fd0   0x00000fd0   0x0000001c   Code   RO          801    i.nrf_gpio_pin_port_decode  nrfx_spim.o
    0x00000fec   0x00000fec   0x0000001c   Code   RO         1403    i.nrf_gpio_pin_port_decode  ads1299.o
    0x00001008   0x00001008   0x0000001c   Code   RO         1484    i.nrf_gpio_pin_port_decode  spi.o
    0x00001024   0x00001024   0x00000014   Code   RO          802    i.nrf_gpio_pin_set  nrfx_spim.o
    0x00001038   0x00001038   0x00000014   Code   RO         1404    i.nrf_gpio_pin_set  ads1299.o
    0x0000104c   0x0000104c   0x00000014   Code   RO         1485    i.nrf_gpio_pin_set  spi.o
    0x00001060   0x00001060   0x0000000a   Code   RO          803    i.nrf_spim_event_check  nrfx_spim.o
    0x0000106a   0x0000106a   0x00000010   Code   RO          804    i.nrfx_is_in_ram    nrfx_spim.o
    0x0000107a   0x0000107a   0x00000030   Code   RO          374    i.nrfx_prs_acquire  nrfx_prs.o
    0x000010aa   0x000010aa   0x00000002   PAD
    0x000010ac   0x000010ac   0x00000190   Code   RO          807    i.nrfx_spim_init    nrfx_spim.o
    0x0000123c   0x0000123c   0x00000064   Code   RO          810    i.nrfx_spim_xfer    nrfx_spim.o
    0x000012a0   0x000012a0   0x00000018   Code   RO          376    i.prs_box_get       nrfx_prs.o
    0x000012b8   0x000012b8   0x00000038   Code   RO          935    i.spim_evt_handler  nrf_drv_spi.o
    0x000012f0   0x000012f0   0x000000bc   Code   RO          811    i.spim_xfer         nrfx_spim.o
    0x000013ac   0x000013ac   0x00000004   Data   RO          814    .constdata          nrfx_spim.o
    0x000013b0   0x000013b0   0x00000010   Data   RO          937    .constdata          nrf_drv_spi.o
    0x000013c0   0x000013c0   0x00000006   Data   RO         1406    .constdata          ads1299.o
    0x000013c6   0x000013c6   0x00000002   PAD
    0x000013c8   0x000013c8   0x00000010   Data   RO         1487    .constdata          spi.o
    0x000013d8   0x000013d8   0x00000010   Data   RO         1748    .constdata          segger_rtt_printf.o
    0x000013e8   0x000013e8   0x00000020   Data   RO         1874    Region$$Table       anon$$obj.o


    Execution Region RW_IRAM1 (Exec base: 0x20000000, Load base: 0x00001408, Size: 0x00003200, Max: 0x00040000, ABSOLUTE)

    Exec Addr    Load Addr    Size         Type   Attr      Idx    E Section Name        Object

    0x20000000   0x00001408   0x0000000c   Data   RW            5    .data               main.o
    0x2000000c   0x00001414   0x00000008   Data   RW          378    .data               nrfx_prs.o
    0x20000014   0x0000141c   0x00000004   Data   RW         1243    .data               app_util_platform.o
    0x20000018   0x00001420   0x00000008   Data   RW         1407    .data               ads1299.o
    0x20000020   0x00001428   0x00000011   Data   RW         1576    .data               segger_rtt.o
    0x20000031   0x00001439   0x00000003   PAD
    0x20000034   0x0000143c   0x00000004   Data   RW         1814    .data               system_nrf52840.o
    0x20000038        -       0x00000024   Zero   RW          812    .bss                nrfx_spim.o
    0x2000005c        -       0x00000020   Zero   RW          936    .bss                nrf_drv_spi.o
    0x2000007c        -       0x0000006c   Zero   RW         1405    .bss                ads1299.o
    0x200000e8        -       0x00001118   Zero   RW         1575    .bss                segger_rtt.o
    0x20001200        -       0x00002000   Zero   RW         1802    STACK               arm_startup_nrf52840.o


==============================================================================

Image component sizes


      Code (inc. data)   RO Data    RW Data    ZI Data      Debug   Object Name

       756         28          6          8        108      12374   ads1299.o
         0          0          0          0          0      26603   app_error_weak.o
        44         10          0          4          0       3776   app_util_platform.o
        36          8        512          0       8192        976   arm_startup_nrf52840.o
         0          0          0          0          0      40012   boards.o
        96         18          0         12          0       8654   main.o
       168         18         16          0         32      16959   nrf_drv_spi.o
        84         16          0          8          0       3989   nrfx_prs.o
       936         28          4          0         36      23321   nrfx_spim.o
         0          0          0          0          0      29547   nrfx_uart.o
         0          0          0          0          0       1812   nrfx_uarte.o
       566         52          0         17       4376      10901   segger_rtt.o
       900          6         16          0          0       7425   segger_rtt_printf.o
       310         16         16          0          0      12622   spi.o
       476         60          0          4          0       2567   system_nrf52840.o

    ----------------------------------------------------------------------
      4378        260        604         56      12744     201538   Object Totals
         0          0         32          0          0          0   (incl. Generated)
         6          0          2          3          0          0   (incl. Padding)

    ----------------------------------------------------------------------

      Code (inc. data)   RO Data    RW Data    ZI Data      Debug   Library Member Name

         0          0          0          0          0          0   entry.o
         0          0          0          0          0          0   entry10a.o
         0          0          0          0          0          0   entry11a.o
         4          0          0          0          0          0   entry12b.o
         8          4          0          0          0          0   entry2.o
         4          0          0          0          0          0   entry5.o
         0          0          0          0          0          0   entry7b.o
         0          0          0          0          0          0   entry8b.o
         8          4          0          0          0          0   entry9a.o
        30          0          0          0          0          0   handlers.o
        36          8          0          0          0         68   init.o
        36          0          0          0          0         68   memcpya.o
        18          0          0          0          0         68   strcpy.o

    ----------------------------------------------------------------------
       146         16          0          0          0        204   Library Totals
         2          0          0          0          0          0   (incl. Padding)

    ----------------------------------------------------------------------

      Code (inc. data)   RO Data    RW Data    ZI Data      Debug   Library Name

       144         16          0          0          0        204   mc_w.l

    ----------------------------------------------------------------------
       146         16          0          0          0        204   Library Totals

    ----------------------------------------------------------------------

==============================================================================


      Code (inc. data)   RO Data    RW Data    ZI Data      Debug   

      4524        276        604         56      12744     197494   Grand Totals
      4524        276        604         56      12744     197494   ELF Image Totals
      4524        276        604         56          0          0   ROM Totals

==============================================================================

    Total RO  Size (Code + RO Data)                 5128 (   5.01kB)
    Total RW  Size (RW Data + ZI Data)             12800 (  12.50kB)
    Total ROM Size (Code + RO Data + RW Data)       5184 (   5.06kB)

==============================================================================

